Archive member included to satisfy reference by file (symbol)

/usr/lib/gcc/arm-none-eabi/14.2.0/thumb/v6-m/nofp/libgcc.a(_dvmd_tls.o)
                              CMakeFiles/project-template.dir/home/nw1728/pico/pico-sdk/src/rp2_common/pico_divider/divider_hardware.S.o (__aeabi_idiv0)
/usr/lib/gcc/arm-none-eabi/14.2.0/../../../../arm-none-eabi/lib/thumb/v6-m/nofp/libg.a(libc_a-atexit.o)
                              /usr/lib/gcc/arm-none-eabi/14.2.0/../../../../arm-none-eabi/lib/thumb/v6-m/nofp/crt0.o (atexit)
/usr/lib/gcc/arm-none-eabi/14.2.0/../../../../arm-none-eabi/lib/thumb/v6-m/nofp/libg.a(libc_a-calloc.o)
                              CMakeFiles/project-template.dir/home/nw1728/pico/pico-sdk/src/rp2_common/pico_malloc/malloc.c.o (calloc)
/usr/lib/gcc/arm-none-eabi/14.2.0/../../../../arm-none-eabi/lib/thumb/v6-m/nofp/libg.a(libc_a-callocr.o)
                              /usr/lib/gcc/arm-none-eabi/14.2.0/../../../../arm-none-eabi/lib/thumb/v6-m/nofp/libg.a(libc_a-calloc.o) (_calloc_r)
/usr/lib/gcc/arm-none-eabi/14.2.0/../../../../arm-none-eabi/lib/thumb/v6-m/nofp/libg.a(libc_a-malloc.o)
                              CMakeFiles/project-template.dir/home/nw1728/pico/pico-sdk/src/rp2_common/pico_malloc/malloc.c.o (malloc)
/usr/lib/gcc/arm-none-eabi/14.2.0/../../../../arm-none-eabi/lib/thumb/v6-m/nofp/libg.a(libc_a-mallocr.o)
                              /usr/lib/gcc/arm-none-eabi/14.2.0/../../../../arm-none-eabi/lib/thumb/v6-m/nofp/libg.a(libc_a-callocr.o) (_malloc_r)
/usr/lib/gcc/arm-none-eabi/14.2.0/../../../../arm-none-eabi/lib/thumb/v6-m/nofp/libg.a(libc_a-mlock.o)
                              /usr/lib/gcc/arm-none-eabi/14.2.0/../../../../arm-none-eabi/lib/thumb/v6-m/nofp/libg.a(libc_a-mallocr.o) (__malloc_lock)
/usr/lib/gcc/arm-none-eabi/14.2.0/../../../../arm-none-eabi/lib/thumb/v6-m/nofp/libg.a(libc_a-realloc.o)
                              CMakeFiles/project-template.dir/home/nw1728/pico/pico-sdk/src/rp2_common/pico_malloc/malloc.c.o (realloc)
/usr/lib/gcc/arm-none-eabi/14.2.0/../../../../arm-none-eabi/lib/thumb/v6-m/nofp/libg.a(libc_a-reallocr.o)
                              /usr/lib/gcc/arm-none-eabi/14.2.0/../../../../arm-none-eabi/lib/thumb/v6-m/nofp/libg.a(libc_a-realloc.o) (_realloc_r)
/usr/lib/gcc/arm-none-eabi/14.2.0/../../../../arm-none-eabi/lib/thumb/v6-m/nofp/libg.a(libc_a-memcmp.o)
                              CMakeFiles/project-template.dir/home/nw1728/pico/pico-sdk/src/rp2_common/pico_atomic/atomic.c.o (memcmp)
/usr/lib/gcc/arm-none-eabi/14.2.0/../../../../arm-none-eabi/lib/thumb/v6-m/nofp/libg.a(libc_a-memmove.o)
                              /usr/lib/gcc/arm-none-eabi/14.2.0/../../../../arm-none-eabi/lib/thumb/v6-m/nofp/libg.a(libc_a-reallocr.o) (memmove)
/usr/lib/gcc/arm-none-eabi/14.2.0/../../../../arm-none-eabi/lib/thumb/v6-m/nofp/libg.a(libc_a-lcltime_r.o)
                              CMakeFiles/project-template.dir/home/nw1728/pico/pico-sdk/src/common/pico_util/datetime.c.o (localtime_r)
/usr/lib/gcc/arm-none-eabi/14.2.0/../../../../arm-none-eabi/lib/thumb/v6-m/nofp/libg.a(libc_a-mktime.o)
                              CMakeFiles/project-template.dir/home/nw1728/pico/pico-sdk/src/common/pico_util/datetime.c.o (mktime)
/usr/lib/gcc/arm-none-eabi/14.2.0/../../../../arm-none-eabi/lib/thumb/v6-m/nofp/libg.a(libc_a-month_lengths.o)
                              /usr/lib/gcc/arm-none-eabi/14.2.0/../../../../arm-none-eabi/lib/thumb/v6-m/nofp/libg.a(libc_a-lcltime_r.o) (__month_lengths)
/usr/lib/gcc/arm-none-eabi/14.2.0/../../../../arm-none-eabi/lib/thumb/v6-m/nofp/libg.a(libc_a-tzcalc_limits.o)
                              /usr/lib/gcc/arm-none-eabi/14.2.0/../../../../arm-none-eabi/lib/thumb/v6-m/nofp/libg.a(libc_a-lcltime_r.o) (__tzcalc_limits)
/usr/lib/gcc/arm-none-eabi/14.2.0/../../../../arm-none-eabi/lib/thumb/v6-m/nofp/libg.a(libc_a-tzlock.o)
                              /usr/lib/gcc/arm-none-eabi/14.2.0/../../../../arm-none-eabi/lib/thumb/v6-m/nofp/libg.a(libc_a-lcltime_r.o) (__tz_lock)
/usr/lib/gcc/arm-none-eabi/14.2.0/../../../../arm-none-eabi/lib/thumb/v6-m/nofp/libg.a(libc_a-tzset.o)
                              /usr/lib/gcc/arm-none-eabi/14.2.0/../../../../arm-none-eabi/lib/thumb/v6-m/nofp/libg.a(libc_a-lcltime_r.o) (_tzset_unlocked)
/usr/lib/gcc/arm-none-eabi/14.2.0/../../../../arm-none-eabi/lib/thumb/v6-m/nofp/libg.a(libc_a-tzset_r.o)
                              /usr/lib/gcc/arm-none-eabi/14.2.0/../../../../arm-none-eabi/lib/thumb/v6-m/nofp/libg.a(libc_a-tzset.o) (_tzset_unlocked_r)
/usr/lib/gcc/arm-none-eabi/14.2.0/../../../../arm-none-eabi/lib/thumb/v6-m/nofp/libg.a(libc_a-tzvars.o)
                              /usr/lib/gcc/arm-none-eabi/14.2.0/../../../../arm-none-eabi/lib/thumb/v6-m/nofp/libg.a(libc_a-tzset_r.o) (_timezone)
/usr/lib/gcc/arm-none-eabi/14.2.0/../../../../arm-none-eabi/lib/thumb/v6-m/nofp/libg.a(libc_a-impure.o)
[...]
Memory Configuration

Name             Origin             Length             Attributes
FLASH            0x10000000         0x00200000         xr
RAM              0x20000000         0x00040000         xrw
SCRATCH_X        0x20040000         0x00001000         xrw
SCRATCH_Y        0x20041000         0x00001000         xrw
*default*        0x00000000         0xffffffff

Linker script and memory map

LOAD /usr/lib/gcc/arm-none-eabi/14.2.0/thumb/v6-m/nofp/crti.o
LOAD /usr/lib/gcc/arm-none-eabi/14.2.0/thumb/v6-m/nofp/crtbegin.o
LOAD /usr/lib/gcc/arm-none-eabi/14.2.0/../../../../arm-none-eabi/lib/thumb/v6-m/nofp/crt0.o

.flash_begin    0x10000000        0x0
                0x10000000                        __flash_binary_start = .

.boot2          0x10000000      0x100
                0x10000000                        __boot2_start__ = .
 *(.boot2)
 .boot2         0x10000000      0x100 pico-sdk/src/rp2040/boot_stage2/CMakeFiles/bs2_default_library.dir/bs2_default_padded_checksummed.S.o
                0x10000100                        __boot2_end__ = .
                0x00000001                        ASSERT (((__boot2_end__ - __boot2_start__) == 0x100), ERROR: Pico second stage bootloader must be 256 bytes in size)

.text           0x10000100     0x6628
                0x10000100                        __logical_binary_start = .
 *(.vectors)
 .vectors       0x10000100       0xd4 CMakeFiles/project-template.dir/home/nw1728/pico/pico-sdk/src/rp2_common/pico_crt0/crt0.S.o
                0x10000100                __vectors
                0x10000100                __VECTOR_TABLE
                0x100001c0                isr_irq30
                0x100001c0                __unhandled_user_irq
                0x100001c0                isr_irq13
                0x100001c0                isr_irq27
                0x100001c0                isr_irq31
                0x100001c0                isr_irq5
                0x100001c0                isr_irq11
                0x100001c0                isr_irq23
                0x100001c0                isr_irq18
                0x100001c0                isr_irq28
                0x100001c0                isr_irq19
                0x100001c0                isr_irq0
                0x100001c0                isr_irq6
                0x100001c0                isr_irq22
                0x100001c0                isr_irq17
                0x100001c0                isr_irq14
                0x100001c0                __vectors_end
                0x100001c0                __default_isrs_start
                0x100001c0                isr_irq2
                0x100001c0                isr_irq10
                0x100001c0                isr_irq8
                0x100001c0                isr_irq24
                0x100001c0                isr_irq1
                0x100001c0                isr_irq7
                0x100001c0                isr_irq21
                0x100001c0                isr_irq20
                0x100001c0                isr_irq15
                0x100001c0                isr_irq25
                0x100001c0                isr_irq4
                0x100001c0                isr_irq16
                0x100001c0                isr_irq29
                0x100001c0                isr_irq26
                0x100001c0                isr_irq3
                0x100001c0                isr_irq12
                0x100001c0                isr_irq9
                0x100001c6                unhandled_user_irq_num_in_r0
                0x100001c8                isr_invalid
                0x100001ca                isr_nmi
                0x100001cc                isr_hardfault
                0x100001ce                isr_svcall
                0x100001d0                isr_pendsv
                0x100001d2                isr_systick
                0x100001d4                __default_isrs_end
 *(.binary_info_header)
 .binary_info_header
                0x100001d4       0x14 CMakeFiles/project-template.dir/home/nw1728/pico/pico-sdk/src/rp2_common/pico_crt0/crt0.S.o
                0x100001e8                        __binary_info_header_end = .
 *(.embedded_block)
                0x100001e8                        __embedded_block_end = .
 *(.reset)
 .reset         0x100001e8       0x9c CMakeFiles/project-template.dir/home/nw1728/pico/pico-sdk/src/rp2_common/pico_crt0/crt0.S.o
                0x100001e8                _entry_point
 *(.init)
 .init          0x10000284        0x4 /usr/lib/gcc/arm-none-eabi/14.2.0/thumb/v6-m/nofp/crti.o
                0x10000284                _init
 *(EXCLUDE_FILE(*libm.a: *libc.a:*lib_a-mem*.o *libgcc.a:) .text*)
 .text.frame_dummy
                0x10000288       0x20 /usr/lib/gcc/arm-none-eabi/14.2.0/thumb/v6-m/nofp/crtbegin.o
 .text.timer_callback
                0x100002a8       0x3c CMakeFiles/project-template.dir/main.c.o
                0x100002a8                timer_callback
 .text.startup.main
                0x100002e4       0x38 CMakeFiles/project-template.dir/main.c.o
                0x100002e4                main
 .text.gpio_init
                0x1000031c       0x40 CMakeFiles/project-template.dir/home/nw1728/pico/pico-sdk/src/rp2_common/hardware_gpio/gpio.c.o
                0x1000031c                gpio_init
 .text.rp2040_chip_version
                0x1000035c        0xc CMakeFiles/project-template.dir/home/nw1728/pico/pico-sdk/src/rp2040/pico_platform/platform.c.o
                0x1000035c                rp2040_chip_version
 .text.panic    0x10000368       0x30 CMakeFiles/project-template.dir/home/nw1728/pico/pico-sdk/src/rp2_common/pico_platform_panic/panic.c.o
                0x10000368                panic
 .text.hw_claim_or_assert
                0x10000398       0x44 CMakeFiles/project-template.dir/home/nw1728/pico/pico-sdk/src/common/hardware_claim/claim.c.o
                0x10000398                hw_claim_or_assert
 .text.hw_claim_unused_from_range
                0x100003dc       0x88 CMakeFiles/project-template.dir/home/nw1728/pico/pico-sdk/src/common/hardware_claim/claim.c.o
                0x100003dc                hw_claim_unused_from_range
 .text.next_striped_spin_lock_num
                0x10000464       0x18 CMakeFiles/project-template.dir/home/nw1728/pico/pico-sdk/src/rp2_common/hardware_sync/sync.c.o
                0x10000464                next_striped_spin_lock_num
 .text.spin_lock_claim_unused
                0x1000047c       0x24 CMakeFiles/project-template.dir/home/nw1728/pico/pico-sdk/src/rp2_common/hardware_sync/sync.c.o
                0x1000047c                spin_lock_claim_unused
 .text.spin_locks_reset
                0x100004a0       0x1c CMakeFiles/project-template.dir/home/nw1728/pico/pico-sdk/src/rp2_common/hardware_sync_spin_lock/sync_spin_lock.c.o
                0x100004a0                spin_locks_reset
 .text.runtime_init_per_core_irq_priorities
                0x100004bc       0x24 CMakeFiles/project-template.dir/home/nw1728/pico/pico-sdk/src/rp2_common/hardware_irq/irq.c.o
                0x100004bc                runtime_init_per_core_irq_priorities
 .text.irq_set_enabled
                0x100004e0       0x24 CMakeFiles/project-template.dir/home/nw1728/pico/pico-sdk/src/rp2_common/hardware_irq/irq.c.o
                0x100004e0                irq_set_enabled
 .text.irq_is_enabled
                0x10000504       0x18 CMakeFiles/project-template.dir/home/nw1728/pico/pico-sdk/src/rp2_common/hardware_irq/irq.c.o
                0x10000504                irq_is_enabled
 .text.irq_set_pending
                0x1000051c       0x10 CMakeFiles/project-template.dir/home/nw1728/pico/pico-sdk/src/rp2_common/hardware_irq/irq.c.o
                0x1000051c                irq_set_pending
 .text.irq_has_shared_handler
                0x1000052c       0x24 CMakeFiles/project-template.dir/home/nw1728/pico/pico-sdk/src/rp2_common/hardware_irq/irq.c.o
                0x1000052c                irq_has_shared_handler
 .text.irq_set_exclusive_handler
                0x10000550       0x54 CMakeFiles/project-template.dir/home/nw1728/pico/pico-sdk/src/rp2_common/hardware_irq/irq.c.o
                0x10000550                irq_set_exclusive_handler
 .text.irq_add_shared_handler
                0x100005a4      0x1f4 CMakeFiles/project-template.dir/home/nw1728/pico/pico-sdk/src/rp2_common/hardware_irq/irq.c.o
                0x100005a4                irq_add_shared_handler
 .text.irq_add_tail_to_free_list
                0x10000798       0xb4 CMakeFiles/project-template.dir/home/nw1728/pico/pico-sdk/src/rp2_common/hardware_irq/irq.c.o
                0x10000798                irq_add_tail_to_free_list
 .text.user_irq_claim_unused
                0x1000084c       0x2c CMakeFiles/project-template.dir/home/nw1728/pico/pico-sdk/src/rp2_common/hardware_irq/irq.c.o
                0x1000084c                user_irq_claim_unused
 .text.lock_init
                0x10000878       0x10 CMakeFiles/project-template.dir/home/nw1728/pico/pico-sdk/src/common/pico_sync/lock_core.c.o
                0x10000878                lock_init
 .text.runtime_init_mutex
                0x10000888       0x50 CMakeFiles/project-template.dir/home/nw1728/pico/pico-sdk/src/common/pico_sync/mutex.c.o
                0x10000888                runtime_init_mutex
 .text.mutex_init
                0x100008d8       0x1c CMakeFiles/project-template.dir/home/nw1728/pico/pico-sdk/src/common/pico_sync/mutex.c.o
                0x100008d8                mutex_init
 .text.critical_section_init
                0x100008f4       0x1c CMakeFiles/project-template.dir/home/nw1728/pico/pico-sdk/src/common/pico_sync/critical_section.c.o
                0x100008f4                critical_section_init
 .text.critical_section_init_with_lock_num
                0x10000910       0x14 CMakeFiles/project-template.dir/home/nw1728/pico/pico-sdk/src/common/pico_sync/critical_section.c.o
                0x10000910                critical_section_init_with_lock_num
 .text.sleep_until_callback
                0x10000924       0x30 CMakeFiles/project-template.dir/home/nw1728/pico/pico-sdk/src/common/pico_time/time.c.o
 .text.alarm_pool_irq_handler
                0x10000954      0x300 CMakeFiles/project-template.dir/home/nw1728/pico/pico-sdk/src/common/pico_time/time.c.o
 .text.runtime_init_default_alarm_pool
                0x10000c54       0xdc CMakeFiles/project-template.dir/home/nw1728/pico/pico-sdk/src/common/pico_time/time.c.o
                0x10000c54                runtime_init_default_alarm_pool
 .text.alarm_pool_get_default
                0x10000d30        0x8 CMakeFiles/project-template.dir/home/nw1728/pico/pico-sdk/src/common/pico_time/time.c.o
                0x10000d30                alarm_pool_get_default
 .text.alarm_pool_add_alarm_at
                0x10000d38       0xd0 CMakeFiles/project-template.dir/home/nw1728/pico/pico-sdk/src/common/pico_time/time.c.o
                0x10000d38                alarm_pool_add_alarm_at
 .text.alarm_pool_add_alarm_at_force_in_context
                0x10000e08       0xb0 CMakeFiles/project-template.dir/home/nw1728/pico/pico-sdk/src/common/pico_time/time.c.o
                0x10000e08                alarm_pool_add_alarm_at_force_in_context
 .text.alarm_pool_cancel_alarm
                0x10000eb8       0x74 CMakeFiles/project-template.dir/home/nw1728/pico/pico-sdk/src/common/pico_time/time.c.o
                0x10000eb8                alarm_pool_cancel_alarm
 .text.alarm_pool_core_num
                0x10000f2c        0x4 CMakeFiles/project-template.dir/home/nw1728/pico/pico-sdk/src/common/pico_time/time.c.o
                0x10000f2c                alarm_pool_core_num
 .text.best_effort_wfe_or_timeout
                0x10000f30      0x10c CMakeFiles/project-template.dir/home/nw1728/pico/pico-sdk/src/common/pico_time/time.c.o
                0x10000f30                best_effort_wfe_or_timeout
 .text.alarm_pool_add_repeating_timer_us
                0x1000103c      0x124 CMakeFiles/project-template.dir/home/nw1728/pico/pico-sdk/src/common/pico_time/time.c.o
                0x1000103c                alarm_pool_add_repeating_timer_us
 .text.timer_hardware_alarm_claim
                0x10001160       0x14 CMakeFiles/project-template.dir/home/nw1728/pico/pico-sdk/src/rp2_common/hardware_timer/timer.c.o
                0x10001160                timer_hardware_alarm_claim
 .text.timer_time_us_64
                0x10001174       0x10 CMakeFiles/project-template.dir/home/nw1728/pico/pico-sdk/src/rp2_common/hardware_timer/timer.c.o
                0x10001174                timer_time_us_64
 .text.time_us_64
                0x10001184       0x14 CMakeFiles/project-template.dir/home/nw1728/pico/pico-sdk/src/rp2_common/hardware_timer/timer.c.o
                0x10001184                time_us_64
 .text.clock_configure_int_divider
                0x10001198       0xf4 CMakeFiles/project-template.dir/home/nw1728/pico/pico-sdk/src/rp2_common/hardware_clocks/clocks.c.o
                0x10001198                clock_configure_int_divider
 .text.clock_configure_undivided
                0x1000128c       0xe8 CMakeFiles/project-template.dir/home/nw1728/pico/pico-sdk/src/rp2_common/hardware_clocks/clocks.c.o
                0x1000128c                clock_configure_undivided
 .text.clock_get_hz
                0x10001374        0xc CMakeFiles/project-template.dir/home/nw1728/pico/pico-sdk/src/rp2_common/hardware_clocks/clocks.c.o
                0x10001374                clock_get_hz
 .text.pll_init
                0x10001380       0xa4 CMakeFiles/project-template.dir/home/nw1728/pico/pico-sdk/src/rp2_common/hardware_pll/pll.c.o
                0x10001380                pll_init
 .text.watchdog_reboot
                0x10001424       0x9c CMakeFiles/project-template.dir/home/nw1728/pico/pico-sdk/src/rp2_common/hardware_watchdog/watchdog.c.o
                0x10001424                watchdog_reboot
 .text.tick_start
                0x100014c0       0x10 CMakeFiles/project-template.dir/home/nw1728/pico/pico-sdk/src/rp2_common/hardware_ticks/ticks.c.o
                0x100014c0                tick_start
 .text.rom_func_lookup
                0x100014d0       0x10 CMakeFiles/project-template.dir/home/nw1728/pico/pico-sdk/src/rp2_common/pico_bootrom/bootrom.c.o
                0x100014d0                rom_func_lookup
 .text.rom_data_lookup
                0x100014e0       0x10 CMakeFiles/project-template.dir/home/nw1728/pico/pico-sdk/src/rp2_common/pico_bootrom/bootrom.c.o
                0x100014e0                rom_data_lookup
 .text.rom_funcs_lookup
                0x100014f0       0x44 CMakeFiles/project-template.dir/home/nw1728/pico/pico-sdk/src/rp2_common/pico_bootrom/bootrom.c.o
                0x100014f0                rom_funcs_lookup
 .text.rom_reset_usb_boot_extra
                0x10001534       0x24 CMakeFiles/project-template.dir/home/nw1728/pico/pico-sdk/src/rp2_common/pico_bootrom/bootrom.c.o
                0x10001534                rom_reset_usb_boot_extra
 .text.xosc_init
                0x10001558       0x28 CMakeFiles/project-template.dir/home/nw1728/pico/pico-sdk/src/rp2_common/hardware_xosc/xosc.c.o
                0x10001558                xosc_init
 .text.first_per_core_initializer
                0x10001580        0x4 CMakeFiles/project-template.dir/home/nw1728/pico/pico-sdk/src/rp2_common/pico_runtime/runtime.c.o
 .text.hard_assertion_failure
                0x10001584        0xc CMakeFiles/project-template.dir/home/nw1728/pico/pico-sdk/src/rp2_common/pico_runtime/runtime.c.o
                0x10001584                hard_assertion_failure
 .text.runtime_run_initializers
                0x10001590       0x28 CMakeFiles/project-template.dir/home/nw1728/pico/pico-sdk/src/rp2_common/pico_runtime/runtime.c.o
                0x10001590                runtime_run_initializers
 .text.runtime_init_early_resets
                0x100015b8       0x2c CMakeFiles/project-template.dir/home/nw1728/pico/pico-sdk/src/rp2_common/pico_runtime_init/runtime_init.c.o
                0x100015b8                runtime_init_early_resets
 .text.runtime_init_usb_power_down
                0x100015e4       0x1c CMakeFiles/project-template.dir/home/nw1728/pico/pico-sdk/src/rp2_common/pico_runtime_init/runtime_init.c.o
                0x100015e4                runtime_init_usb_power_down
 .text.runtime_init_post_clock_resets
                0x10001600       0x20 CMakeFiles/project-template.dir/home/nw1728/pico/pico-sdk/src/rp2_common/pico_runtime_init/runtime_init.c.o
                0x10001600                runtime_init_post_clock_resets
 .text.runtime_init_rp2040_gpio_ie_disable
                0x10001620       0x14 CMakeFiles/project-template.dir/home/nw1728/pico/pico-sdk/src/rp2_common/pico_runtime_init/runtime_init.c.o
                0x10001620                runtime_init_rp2040_gpio_ie_disable
 .text.runtime_init_spin_locks_reset
                0x10001634        0x8 CMakeFiles/project-template.dir/home/nw1728/pico/pico-sdk/src/rp2_common/pico_runtime_init/runtime_init.c.o
                0x10001634                runtime_init_spin_locks_reset
 .text.runtime_init_install_ram_vector_table
                0x1000163c       0xb4 CMakeFiles/project-template.dir/home/nw1728/pico/pico-sdk/src/rp2_common/pico_runtime_init/runtime_init.c.o
                0x1000163c                runtime_init_install_ram_vector_table
 .text.runtime_init_clocks
                0x100016f0       0xd8 CMakeFiles/project-template.dir/home/nw1728/pico/pico-sdk/src/rp2_common/pico_runtime_init/runtime_init_clocks.c.o
                0x100016f0                runtime_init_clocks
 .text          0x100017c8       0x10 CMakeFiles/project-template.dir/home/nw1728/pico/pico-sdk/src/rp2_common/pico_bit_ops/bit_ops_aeabi.S.o
 .text.__wrap___aeabi_idiv
                0x100017d8       0x50 CMakeFiles/project-template.dir/home/nw1728/pico/pico-sdk/src/rp2_common/pico_divider/divider_hardware.S.o
                0x100017d8                __wrap___aeabi_idivmod
                0x100017d8                divmod_s32s32
                0x100017d8                div_s32s32
                0x100017d8                __wrap___aeabi_idiv
                0x100017e0                divmod_s32s32_unsafe
                0x1000180c                divmod_s32s32_savestate
 .text.__wrap___aeabi_uidiv
                0x10001828       0x4c CMakeFiles/project-template.dir/home/nw1728/pico/pico-sdk/src/rp2_common/pico_divider/divider_hardware.S.o
                0x10001828                __wrap___aeabi_uidiv
                0x10001828                __wrap___aeabi_uidivmod
                0x10001828                div_u32u32
                0x10001828                divmod_u32u32
                0x10001830                divmod_u32u32_unsafe
                0x10001858                divmod_u32u32_savestate
 .text.__wrap___aeabi_ldiv
                0x10001874      0x424 CMakeFiles/project-template.dir/home/nw1728/pico/pico-sdk/src/rp2_common/pico_divider/divider_hardware.S.o
                0x10001874                div_s64s64
                0x10001874                divmod_s64s64
                0x10001874                __wrap___aeabi_ldivmod
                0x100018a4                div_u64u64
                0x100018a4                divmod_u64u64
                0x100018a4                __wrap___aeabi_uldivmod
                0x100018b4                divmod_u64u64_savestate
                0x100018d4                divmod_s64s64_unsafe
                0x1000195c                divmod_u64u64_unsafe
 .text.__wrap___aeabi_darithmetic
                0x10001c98       0x60 CMakeFiles/project-template.dir/home/nw1728/pico/pico-sdk/src/rp2_common/pico_double/double_aeabi_rp2040.S.o
                0x10001c98                __wrap___aeabi_drsub
                0x10001c9e                __wrap___aeabi_dsub
                0x10001ca8                __wrap___aeabi_dadd
                0x10001cb2                __wrap___aeabi_ddiv
                0x10001ce6                __wrap___aeabi_dmul
 .text.__wrap___aeabi_cdcmple
                0x10001cf8       0x6c CMakeFiles/project-template.dir/home/nw1728/pico/pico-sdk/src/rp2_common/pico_double/double_aeabi_rp2040.S.o
                0x10001cf8                __wrap___aeabi_cdrcmple
                0x10001d08                __wrap___aeabi_cdcmple
                0x10001d08                __wrap___aeabi_cdcmpeq
 .text.__wrap___aeabi_dcmplt
                0x10001d64        0xc CMakeFiles/project-template.dir/home/nw1728/pico/pico-sdk/src/rp2_common/pico_double/double_aeabi_rp2040.S.o
                0x10001d64                __wrap___aeabi_dcmplt
 .text.__wrap___aeabi_dcmple
                0x10001d70       0x10 CMakeFiles/project-template.dir/home/nw1728/pico/pico-sdk/src/rp2_common/pico_double/double_aeabi_rp2040.S.o
                0x10001d70                __wrap___aeabi_dcmple
 .text.__wrap___aeabi_dcmpge
                0x10001d80       0x10 CMakeFiles/project-template.dir/home/nw1728/pico/pico-sdk/src/rp2_common/pico_double/double_aeabi_rp2040.S.o
                0x10001d80                __wrap___aeabi_dcmpge
 .text.__wrap___aeabi_dcmpgt
                0x10001d90        0xa CMakeFiles/project-template.dir/home/nw1728/pico/pico-sdk/src/rp2_common/pico_double/double_aeabi_rp2040.S.o
                0x10001d90                __wrap___aeabi_dcmpgt
 .text.__wrap___aeabi_dcmpun
                0x10001d9a       0x18 CMakeFiles/project-template.dir/home/nw1728/pico/pico-sdk/src/rp2_common/pico_double/double_aeabi_rp2040.S.o
                0x10001d9a                __wrap___aeabi_dcmpun
 *fill*         0x10001db2        0x2 
 .text.__wrap___aeabi_i2d
                0x10001db4       0x38 CMakeFiles/project-template.dir/home/nw1728/pico/pico-sdk/src/rp2_common/pico_double/double_aeabi_rp2040.S.o
                0x10001db4                __wrap___aeabi_ui2d
                0x10001db4                uint2double
                0x10001dbc                __wrap___aeabi_i2d
                0x10001dbc                int2double
 .text.__wrap___aeabi_d2iz
                0x10001dec       0x48 CMakeFiles/project-template.dir/home/nw1728/pico/pico-sdk/src/rp2_common/pico_double/double_aeabi_rp2040.S.o
                0x10001dec                __wrap___aeabi_d2iz
                0x10001dec                double2int_z
 .text.__wrap___aeabi_d2uiz
                0x10001e34       0x10 CMakeFiles/project-template.dir/home/nw1728/pico/pico-sdk/src/rp2_common/pico_double/double_aeabi_rp2040.S.o
                0x10001e34                double2uint_z
                0x10001e34                double2uint
                0x10001e34                __wrap___aeabi_d2uiz
 .text.missing_double_func_shim
                0x10001e44        0xc CMakeFiles/project-template.dir/home/nw1728/pico/pico-sdk/src/rp2_common/pico_double/double_init_rom_rp2040.c.o
 .text.__aeabi_double_init
                0x10001e50       0xa0 CMakeFiles/project-template.dir/home/nw1728/pico/pico-sdk/src/rp2_common/pico_double/double_init_rom_rp2040.c.o
                0x10001e50                __aeabi_double_init
 .text.double_table_shim_on_use_helper
                0x10001ef0       0x2c CMakeFiles/project-template.dir/home/nw1728/pico/pico-sdk/src/rp2_common/pico_double/double_v1_rom_shim_rp2040.S.o
                0x10001ef0                double_table_shim_on_use_helper
 .text.__aeabi_lmul
                0x10001f1c       0x32 CMakeFiles/project-template.dir/home/nw1728/pico/pico-sdk/src/rp2_common/pico_int64_ops/pico_int64_ops_aeabi.S.o
                0x10001f1c                __wrap___aeabi_lmul
 *fill*         0x10001f4e        0x2 
 .text.missing_float_func_shim
                0x10001f50        0xc CMakeFiles/project-template.dir/home/nw1728/pico/pico-sdk/src/rp2_common/pico_float/float_init_rom_rp2040.c.o
 .text.__aeabi_float_init
                0x10001f5c       0x5c CMakeFiles/project-template.dir/home/nw1728/pico/pico-sdk/src/rp2_common/pico_float/float_init_rom_rp2040.c.o
                0x10001f5c                __aeabi_float_init
 .text          0x10001fb8       0x10 CMakeFiles/project-template.dir/home/nw1728/pico/pico-sdk/src/rp2_common/pico_mem_ops/mem_ops_aeabi.S.o
                0x10001fb8                __aeabi_mem_init
 .text.memset   0x10001fc8        0xc CMakeFiles/project-template.dir/home/nw1728/pico/pico-sdk/src/rp2_common/pico_mem_ops/mem_ops_aeabi.S.o
                0x10001fc8                __wrap_memset
 .text.memcpy   0x10001fd4        0xc CMakeFiles/project-template.dir/home/nw1728/pico/pico-sdk/src/rp2_common/pico_mem_ops/mem_ops_aeabi.S.o
                0x10001fd4                __wrap___aeabi_memcpy
                0x10001fd4                __wrap_memcpy
 .text._out_null
                0x10001fe0        0x4 CMakeFiles/project-template.dir/home/nw1728/pico/pico-sdk/src/rp2_common/pico_printf/printf.c.o
 .text._out_rev
                0x10001fe4       0xac CMakeFiles/project-template.dir/home/nw1728/pico/pico-sdk/src/rp2_common/pico_printf/printf.c.o
 .text._ntoa_format
                0x10002090      0x1cc CMakeFiles/project-template.dir/home/nw1728/pico/pico-sdk/src/rp2_common/pico_printf/printf.c.o
 .text._out_char
                0x1000225c       0x10 CMakeFiles/project-template.dir/home/nw1728/pico/pico-sdk/src/rp2_common/pico_printf/printf.c.o
 .text._out_fct
                0x1000226c       0x10 CMakeFiles/project-template.dir/home/nw1728/pico/pico-sdk/src/rp2_common/pico_printf/printf.c.o
 .text._ftoa    0x1000227c      0x4a8 CMakeFiles/project-template.dir/home/nw1728/pico/pico-sdk/src/rp2_common/pico_printf/printf.c.o
 .text._etoa    0x10002724      0x57c CMakeFiles/project-template.dir/home/nw1728/pico/pico-sdk/src/rp2_common/pico_printf/printf.c.o
 .text._vsnprintf
                0x10002ca0      0xbe0 CMakeFiles/project-template.dir/home/nw1728/pico/pico-sdk/src/rp2_common/pico_printf/printf.c.o
 .text.vfctprintf
                0x10003880       0x24 CMakeFiles/project-template.dir/home/nw1728/pico/pico-sdk/src/rp2_common/pico_printf/printf.c.o
                0x10003880                vfctprintf
 .text.weak_raw_vprintf
                0x100038a4       0x30 CMakeFiles/project-template.dir/home/nw1728/pico/pico-sdk/src/rp2_common/pico_printf/printf.c.o
                0x100038a4                weak_raw_vprintf
 .text._exit    0x100038d4        0x4 CMakeFiles/project-template.dir/home/nw1728/pico/pico-sdk/src/rp2_common/pico_clib_interface/newlib_interface.c.o
                0x100038d4                _exit
 .text.exit     0x100038d8        0x8 CMakeFiles/project-template.dir/home/nw1728/pico/pico-sdk/src/rp2_common/pico_clib_interface/newlib_interface.c.o
                0x100038d8                exit
 .text.runtime_init
                0x100038e0       0x2c CMakeFiles/project-template.dir/home/nw1728/pico/pico-sdk/src/rp2_common/pico_clib_interface/newlib_interface.c.o
                0x100038e0                runtime_init
 .text.stdio_out_chars_no_crlf
                0x1000390c       0x10 CMakeFiles/project-template.dir/home/nw1728/pico/pico-sdk/src/rp2_common/pico_stdio/stdio.c.o
 .text.stdio_out_chars_crlf
                0x1000391c       0xb0 CMakeFiles/project-template.dir/home/nw1728/pico/pico-sdk/src/rp2_common/pico_stdio/stdio.c.o
 .text.stdio_buffered_printer
                0x100039cc       0x64 CMakeFiles/project-template.dir/home/nw1728/pico/pico-sdk/src/rp2_common/pico_stdio/stdio.c.o
 .text.stdio_put_string
                0x10003a30       0xfc CMakeFiles/project-template.dir/home/nw1728/pico/pico-sdk/src/rp2_common/pico_stdio/stdio.c.o
                0x10003a30                stdio_put_string
 .text.stdio_set_driver_enabled
                0x10003b2c       0x30 CMakeFiles/project-template.dir/home/nw1728/pico/pico-sdk/src/rp2_common/pico_stdio/stdio.c.o
                0x10003b2c                stdio_set_driver_enabled
 .text.stdio_init_all
                0x10003b5c        0x8 CMakeFiles/project-template.dir/home/nw1728/pico/pico-sdk/src/rp2_common/pico_stdio/stdio.c.o
                0x10003b5c                stdio_init_all
 .text.__wrap_putchar
                0x10003b64       0x94 CMakeFiles/project-template.dir/home/nw1728/pico/pico-sdk/src/rp2_common/pico_stdio/stdio.c.o
                0x10003b64                stdio_putchar
                0x10003b64                __wrap_putchar
 .text.__wrap_puts
                0x10003bf8       0x3c CMakeFiles/project-template.dir/home/nw1728/pico/pico-sdk/src/rp2_common/pico_stdio/stdio.c.o
                0x10003bf8                __wrap_puts
                0x10003bf8                stdio_puts
 .text.__wrap_vprintf
                0x10003c34       0xcc CMakeFiles/project-template.dir/home/nw1728/pico/pico-sdk/src/rp2_common/pico_stdio/stdio.c.o
                0x10003c34                __wrap_vprintf
                0x10003c34                stdio_vprintf
 .text.__wrap_printf
                0x10003d00       0x18 CMakeFiles/project-template.dir/home/nw1728/pico/pico-sdk/src/rp2_common/pico_stdio/stdio.c.o
                0x10003d00                stdio_printf
                0x10003d00                __wrap_printf
 .text.resetd_init
                0x10003d18        0x4 CMakeFiles/project-template.dir/home/nw1728/pico/pico-sdk/src/rp2_common/pico_stdio_usb/reset_interface.c.o
 .text.resetd_reset
                0x10003d1c        0xc CMakeFiles/project-template.dir/home/nw1728/pico/pico-sdk/src/rp2_common/pico_stdio_usb/reset_interface.c.o
 .text.resetd_open
                0x10003d28       0x28 CMakeFiles/project-template.dir/home/nw1728/pico/pico-sdk/src/rp2_common/pico_stdio_usb/reset_interface.c.o
 .text.resetd_xfer_cb
                0x10003d50        0x4 CMakeFiles/project-template.dir/home/nw1728/pico/pico-sdk/src/rp2_common/pico_stdio_usb/reset_interface.c.o
 .text.resetd_control_xfer_cb
                0x10003d54       0x54 CMakeFiles/project-template.dir/home/nw1728/pico/pico-sdk/src/rp2_common/pico_stdio_usb/reset_interface.c.o
 .text.tud_descriptor_bos_cb
                0x10003da8        0x8 CMakeFiles/project-template.dir/home/nw1728/pico/pico-sdk/src/rp2_common/pico_stdio_usb/reset_interface.c.o
                0x10003da8                tud_descriptor_bos_cb
 .text.tud_vendor_control_xfer_cb
                0x10003db0       0x34 CMakeFiles/project-template.dir/home/nw1728/pico/pico-sdk/src/rp2_common/pico_stdio_usb/reset_interface.c.o
                0x10003db0                tud_vendor_control_xfer_cb
 .text.usbd_app_driver_get_cb
                0x10003de4        0xc CMakeFiles/project-template.dir/home/nw1728/pico/pico-sdk/src/rp2_common/pico_stdio_usb/reset_interface.c.o
                0x10003de4                usbd_app_driver_get_cb
 .text.tud_cdc_line_coding_cb
                0x10003df0       0x2c CMakeFiles/project-template.dir/home/nw1728/pico/pico-sdk/src/rp2_common/pico_stdio_usb/reset_interface.c.o
                0x10003df0                tud_cdc_line_coding_cb
 .text.stdio_usb_set_chars_available_callback
                0x10003e1c       0x14 CMakeFiles/project-template.dir/home/nw1728/pico/pico-sdk/src/rp2_common/pico_stdio_usb/stdio_usb.c.o
                0x10003e1c                stdio_usb_set_chars_available_callback
 .text.usb_irq  0x10003e30       0x10 CMakeFiles/project-template.dir/home/nw1728/pico/pico-sdk/src/rp2_common/pico_stdio_usb/stdio_usb.c.o
 .text.timer_task
                0x10003e40       0x64 CMakeFiles/project-template.dir/home/nw1728/pico/pico-sdk/src/rp2_common/pico_stdio_usb/stdio_usb.c.o
 .text.stdio_usb_in_chars
                0x10003ea4       0x8c CMakeFiles/project-template.dir/home/nw1728/pico/pico-sdk/src/rp2_common/pico_stdio_usb/stdio_usb.c.o
                0x10003ea4                stdio_usb_in_chars
 .text.stdio_usb_out_flush
                0x10003f30       0x4c CMakeFiles/project-template.dir/home/nw1728/pico/pico-sdk/src/rp2_common/pico_stdio_usb/stdio_usb.c.o
 .text.stdio_usb_out_chars
                0x10003f7c      0x100 CMakeFiles/project-template.dir/home/nw1728/pico/pico-sdk/src/rp2_common/pico_stdio_usb/stdio_usb.c.o
 .text.low_priority_worker_irq
                0x1000407c       0xc8 CMakeFiles/project-template.dir/home/nw1728/pico/pico-sdk/src/rp2_common/pico_stdio_usb/stdio_usb.c.o
 .text.stdio_usb_init
                0x10004144       0xe8 CMakeFiles/project-template.dir/home/nw1728/pico/pico-sdk/src/rp2_common/pico_stdio_usb/stdio_usb.c.o
                0x10004144                stdio_usb_init
 .text.tud_descriptor_device_cb
                0x1000422c        0x8 CMakeFiles/project-template.dir/home/nw1728/pico/pico-sdk/src/rp2_common/pico_stdio_usb/stdio_usb_descriptors.c.o
                0x1000422c                tud_descriptor_device_cb
 .text.tud_descriptor_configuration_cb
                0x10004234        0x8 CMakeFiles/project-template.dir/home/nw1728/pico/pico-sdk/src/rp2_common/pico_stdio_usb/stdio_usb_descriptors.c.o
                0x10004234                tud_descriptor_configuration_cb
 .text.tud_descriptor_string_cb
                0x1000423c       0x78 CMakeFiles/project-template.dir/home/nw1728/pico/pico-sdk/src/rp2_common/pico_stdio_usb/stdio_usb_descriptors.c.o
                0x1000423c                tud_descriptor_string_cb
 .text.startup._retrieve_unique_id_on_boot
                0x100042b4       0x10 CMakeFiles/project-template.dir/home/nw1728/pico/pico-sdk/src/rp2_common/pico_unique_id/unique_id.c.o
 .text.pico_get_unique_board_id_string
                0x100042c4      0x1a8 CMakeFiles/project-template.dir/home/nw1728/pico/pico-sdk/src/rp2_common/pico_unique_id/unique_id.c.o
                0x100042c4                pico_get_unique_board_id_string
 .text.flash_get_unique_id
                0x1000446c       0x3c CMakeFiles/project-template.dir/home/nw1728/pico/pico-sdk/src/rp2_common/hardware_flash/flash.c.o
                0x1000446c                flash_get_unique_id
 .text.dcd_init
                0x100044a8       0x90 CMakeFiles/project-template.dir/home/nw1728/pico/pico-sdk/lib/tinyusb/src/portable/raspberrypi/rp2040/dcd_rp2040.c.o
                0x100044a8                dcd_init
 .text.dcd_int_enable
                0x10004538        0xc CMakeFiles/project-template.dir/home/nw1728/pico/pico-sdk/lib/tinyusb/src/portable/raspberrypi/rp2040/dcd_rp2040.c.o
                0x10004538                dcd_int_enable
 .text.dcd_set_address
                0x10004544       0x14 CMakeFiles/project-template.dir/home/nw1728/pico/pico-sdk/lib/tinyusb/src/portable/raspberrypi/rp2040/dcd_rp2040.c.o
                0x10004544                dcd_set_address
 .text.dcd_sof_enable
                0x10004558       0x1c CMakeFiles/project-template.dir/home/nw1728/pico/pico-sdk/lib/tinyusb/src/portable/raspberrypi/rp2040/dcd_rp2040.c.o
                0x10004558                dcd_sof_enable
 .text.dcd_edpt0_status_complete
                0x10004574       0x1c CMakeFiles/project-template.dir/home/nw1728/pico/pico-sdk/lib/tinyusb/src/portable/raspberrypi/rp2040/dcd_rp2040.c.o
                0x10004574                dcd_edpt0_status_complete
 .text.dcd_edpt_open
                0x10004590      0x114 CMakeFiles/project-template.dir/home/nw1728/pico/pico-sdk/lib/tinyusb/src/portable/raspberrypi/rp2040/dcd_rp2040.c.o
                0x10004590                dcd_edpt_open
 .text.dcd_edpt_close_all
                0x100046a4        0x8 CMakeFiles/project-template.dir/home/nw1728/pico/pico-sdk/lib/tinyusb/src/portable/raspberrypi/rp2040/dcd_rp2040.c.o
                0x100046a4                dcd_edpt_close_all
 .text.dcd_edpt_xfer
                0x100046ac       0x24 CMakeFiles/project-template.dir/home/nw1728/pico/pico-sdk/lib/tinyusb/src/portable/raspberrypi/rp2040/dcd_rp2040.c.o
                0x100046ac                dcd_edpt_xfer
 .text.dcd_edpt_stall
                0x100046d0       0x3c CMakeFiles/project-template.dir/home/nw1728/pico/pico-sdk/lib/tinyusb/src/portable/raspberrypi/rp2040/dcd_rp2040.c.o
                0x100046d0                dcd_edpt_stall
 .text.dcd_edpt_clear_stall
                0x1000470c       0x30 CMakeFiles/project-template.dir/home/nw1728/pico/pico-sdk/lib/tinyusb/src/portable/raspberrypi/rp2040/dcd_rp2040.c.o
                0x1000470c                dcd_edpt_clear_stall
 .text.rp2040_usb_init
                0x1000473c       0x40 CMakeFiles/project-template.dir/home/nw1728/pico/pico-sdk/lib/tinyusb/src/portable/raspberrypi/rp2040/rp2040_usb.c.o
                0x1000473c                rp2040_usb_init
 .text.hw_endpoint_xfer_start
                0x1000477c       0x40 CMakeFiles/project-template.dir/home/nw1728/pico/pico-sdk/lib/tinyusb/src/portable/raspberrypi/rp2040/rp2040_usb.c.o
                0x1000477c                hw_endpoint_xfer_start
 .text.tud_event_hook_cb
                0x100047bc        0x4 CMakeFiles/project-template.dir/home/nw1728/pico/pico-sdk/lib/tinyusb/src/device/usbd.c.o
                0x100047bc                tud_event_hook_cb
 .text.tud_sof_cb
                0x100047c0        0x4 CMakeFiles/project-template.dir/home/nw1728/pico/pico-sdk/lib/tinyusb/src/device/usbd.c.o
                0x100047c0                tud_sof_cb
 .text.tud_descriptor_device_qualifier_cb
                0x100047c4        0x4 CMakeFiles/project-template.dir/home/nw1728/pico/pico-sdk/lib/tinyusb/src/device/usbd.c.o
                0x100047c4                tud_descriptor_device_qualifier_cb
 .text.tud_descriptor_other_speed_configuration_cb
                0x100047c8        0x4 CMakeFiles/project-template.dir/home/nw1728/pico/pico-sdk/lib/tinyusb/src/device/usbd.c.o
                0x100047c8                tud_descriptor_other_speed_configuration_cb
 .text.tud_mount_cb
                0x100047cc        0x4 CMakeFiles/project-template.dir/home/nw1728/pico/pico-sdk/lib/tinyusb/src/device/usbd.c.o
                0x100047cc                tud_mount_cb
 .text.tud_umount_cb
                0x100047d0        0x4 CMakeFiles/project-template.dir/home/nw1728/pico/pico-sdk/lib/tinyusb/src/device/usbd.c.o
                0x100047d0                tud_umount_cb
 .text.tud_suspend_cb
                0x100047d4        0x4 CMakeFiles/project-template.dir/home/nw1728/pico/pico-sdk/lib/tinyusb/src/device/usbd.c.o
                0x100047d4                tud_suspend_cb
 .text.tud_resume_cb
                0x100047d8        0x4 CMakeFiles/project-template.dir/home/nw1728/pico/pico-sdk/lib/tinyusb/src/device/usbd.c.o
                0x100047d8                tud_resume_cb
 .text.tud_mounted
                0x100047dc       0x10 CMakeFiles/project-template.dir/home/nw1728/pico/pico-sdk/lib/tinyusb/src/device/usbd.c.o
                0x100047dc                tud_mounted
 .text.tud_suspended
                0x100047ec       0x10 CMakeFiles/project-template.dir/home/nw1728/pico/pico-sdk/lib/tinyusb/src/device/usbd.c.o
                0x100047ec                tud_suspended
 .text.tud_rhport_init
                0x100047fc       0xf4 CMakeFiles/project-template.dir/home/nw1728/pico/pico-sdk/lib/tinyusb/src/device/usbd.c.o
                0x100047fc                tud_rhport_init
 .text.tud_task_ext
                0x100048f0      0x800 CMakeFiles/project-template.dir/home/nw1728/pico/pico-sdk/lib/tinyusb/src/device/usbd.c.o
                0x100048f0                tud_task_ext
 .text.usbd_open_edpt_pair
                0x100050f0       0x9c CMakeFiles/project-template.dir/home/nw1728/pico/pico-sdk/lib/tinyusb/src/device/usbd.c.o
                0x100050f0                usbd_open_edpt_pair
 .text.usbd_edpt_open
                0x1000518c       0x34 CMakeFiles/project-template.dir/home/nw1728/pico/pico-sdk/lib/tinyusb/src/device/usbd.c.o
                0x1000518c                usbd_edpt_open
 .text.usbd_edpt_claim
                0x100051c0       0x28 CMakeFiles/project-template.dir/home/nw1728/pico/pico-sdk/lib/tinyusb/src/device/usbd.c.o
                0x100051c0                usbd_edpt_claim
 .text.usbd_edpt_release
                0x100051e8       0x28 CMakeFiles/project-template.dir/home/nw1728/pico/pico-sdk/lib/tinyusb/src/device/usbd.c.o
                0x100051e8                usbd_edpt_release
 .text.usbd_edpt_xfer
                0x10005210       0x4c CMakeFiles/project-template.dir/home/nw1728/pico/pico-sdk/lib/tinyusb/src/device/usbd.c.o
                0x10005210                usbd_edpt_xfer
 .text.tud_control_status
                0x1000525c       0x2c CMakeFiles/project-template.dir/home/nw1728/pico/pico-sdk/lib/tinyusb/src/device/usbd_control.c.o
                0x1000525c                tud_control_status
 .text.tud_control_xfer
                0x10005288       0xa8 CMakeFiles/project-template.dir/home/nw1728/pico/pico-sdk/lib/tinyusb/src/device/usbd_control.c.o
                0x10005288                tud_control_xfer
 .text.usbd_control_reset
                0x10005330       0x14 CMakeFiles/project-template.dir/home/nw1728/pico/pico-sdk/lib/tinyusb/src/device/usbd_control.c.o
                0x10005330                usbd_control_reset
 .text.usbd_control_set_complete_callback
                0x10005344        0xc CMakeFiles/project-template.dir/home/nw1728/pico/pico-sdk/lib/tinyusb/src/device/usbd_control.c.o
                0x10005344                usbd_control_set_complete_callback
 .text.usbd_control_set_request
                0x10005350       0x1c CMakeFiles/project-template.dir/home/nw1728/pico/pico-sdk/lib/tinyusb/src/device/usbd_control.c.o
                0x10005350                usbd_control_set_request
 .text.usbd_control_xfer_cb
                0x1000536c       0xec CMakeFiles/project-template.dir/home/nw1728/pico/pico-sdk/lib/tinyusb/src/device/usbd_control.c.o
                0x1000536c                usbd_control_xfer_cb
 .text._prep_out_transaction.isra.0
                0x10005458       0x6c CMakeFiles/project-template.dir/home/nw1728/pico/pico-sdk/lib/tinyusb/src/class/cdc/cdc_device.c.o
 .text.tud_cdc_n_connected
                0x100054c4       0x2c CMakeFiles/project-template.dir/home/nw1728/pico/pico-sdk/lib/tinyusb/src/class/cdc/cdc_device.c.o
                0x100054c4                tud_cdc_n_connected
 .text.tud_cdc_n_available
                0x100054f0       0x14 CMakeFiles/project-template.dir/home/nw1728/pico/pico-sdk/lib/tinyusb/src/class/cdc/cdc_device.c.o
                0x100054f0                tud_cdc_n_available
 .text.tud_cdc_n_read
                0x10005504       0x88 CMakeFiles/project-template.dir/home/nw1728/pico/pico-sdk/lib/tinyusb/src/class/cdc/cdc_device.c.o
                0x10005504                tud_cdc_n_read
 .text.tud_cdc_n_write_flush
                0x1000558c       0x74 CMakeFiles/project-template.dir/home/nw1728/pico/pico-sdk/lib/tinyusb/src/class/cdc/cdc_device.c.o
                0x1000558c                tud_cdc_n_write_flush
 .text.tud_cdc_n_write
                0x10005600       0x40 CMakeFiles/project-template.dir/home/nw1728/pico/pico-sdk/lib/tinyusb/src/class/cdc/cdc_device.c.o
                0x10005600                tud_cdc_n_write
 .text.tud_cdc_n_write_available
                0x10005640       0x14 CMakeFiles/project-template.dir/home/nw1728/pico/pico-sdk/lib/tinyusb/src/class/cdc/cdc_device.c.o
                0x10005640                tud_cdc_n_write_available
 .text.cdcd_init
                0x10005654       0x70 CMakeFiles/project-template.dir/home/nw1728/pico/pico-sdk/lib/tinyusb/src/class/cdc/cdc_device.c.o
                0x10005654                cdcd_init
 .text.cdcd_deinit
                0x100056c4       0x30 CMakeFiles/project-template.dir/home/nw1728/pico/pico-sdk/lib/tinyusb/src/class/cdc/cdc_device.c.o
                0x100056c4                cdcd_deinit
 .text.cdcd_reset
                0x100056f4       0x4c CMakeFiles/project-template.dir/home/nw1728/pico/pico-sdk/lib/tinyusb/src/class/cdc/cdc_device.c.o
                0x100056f4                cdcd_reset
 .text.cdcd_open
                0x10005740       0xa4 CMakeFiles/project-template.dir/home/nw1728/pico/pico-sdk/lib/tinyusb/src/class/cdc/cdc_device.c.o
                0x10005740                cdcd_open
 .text.cdcd_control_xfer_cb
                0x100057e4       0xe8 CMakeFiles/project-template.dir/home/nw1728/pico/pico-sdk/lib/tinyusb/src/class/cdc/cdc_device.c.o
                0x100057e4                cdcd_control_xfer_cb
 .text.cdcd_xfer_cb
                0x100058cc      0x100 CMakeFiles/project-template.dir/home/nw1728/pico/pico-sdk/lib/tinyusb/src/class/cdc/cdc_device.c.o
                0x100058cc                cdcd_xfer_cb
 .text.vendord_init
                0x100059cc       0x5c CMakeFiles/project-template.dir/home/nw1728/pico/pico-sdk/lib/tinyusb/src/class/vendor/vendor_device.c.o
                0x100059cc                vendord_init
 .text.vendord_deinit
                0x10005a28       0x1c CMakeFiles/project-template.dir/home/nw1728/pico/pico-sdk/lib/tinyusb/src/class/vendor/vendor_device.c.o
                0x10005a28                vendord_deinit
 .text.vendord_reset
                0x10005a44       0x28 CMakeFiles/project-template.dir/home/nw1728/pico/pico-sdk/lib/tinyusb/src/class/vendor/vendor_device.c.o
                0x10005a44                vendord_reset
 .text.vendord_open
                0x10005a6c      0x120 CMakeFiles/project-template.dir/home/nw1728/pico/pico-sdk/lib/tinyusb/src/class/vendor/vendor_device.c.o
                0x10005a6c                vendord_open
 .text.vendord_xfer_cb
                0x10005b8c       0x9c CMakeFiles/project-template.dir/home/nw1728/pico/pico-sdk/lib/tinyusb/src/class/vendor/vendor_device.c.o
                0x10005b8c                vendord_xfer_cb
 .text.tusb_rhport_init
                0x10005c28       0x4c CMakeFiles/project-template.dir/home/nw1728/pico/pico-sdk/lib/tinyusb/src/tusb.c.o
                0x10005c28                tusb_rhport_init
 .text.tu_edpt_claim
                0x10005c74       0x50 CMakeFiles/project-template.dir/home/nw1728/pico/pico-sdk/lib/tinyusb/src/tusb.c.o
                0x10005c74                tu_edpt_claim
 .text.tu_edpt_release
                0x10005cc4       0x38 CMakeFiles/project-template.dir/home/nw1728/pico/pico-sdk/lib/tinyusb/src/tusb.c.o
                0x10005cc4                tu_edpt_release
 .text.tu_edpt_validate
                0x10005cfc       0x7c CMakeFiles/project-template.dir/home/nw1728/pico/pico-sdk/lib/tinyusb/src/tusb.c.o
                0x10005cfc                tu_edpt_validate
 .text.tu_edpt_bind_driver
                0x10005d78       0x34 CMakeFiles/project-template.dir/home/nw1728/pico/pico-sdk/lib/tinyusb/src/tusb.c.o
                0x10005d78                tu_edpt_bind_driver
 .text.tu_edpt_stream_init
                0x10005dac       0x6c CMakeFiles/project-template.dir/home/nw1728/pico/pico-sdk/lib/tinyusb/src/tusb.c.o
                0x10005dac                tu_edpt_stream_init
 .text.tu_edpt_stream_deinit
                0x10005e18        0x4 CMakeFiles/project-template.dir/home/nw1728/pico/pico-sdk/lib/tinyusb/src/tusb.c.o
                0x10005e18                tu_edpt_stream_deinit
 .text.tu_edpt_stream_write_zlp_if_needed
                0x10005e1c       0x68 CMakeFiles/project-template.dir/home/nw1728/pico/pico-sdk/lib/tinyusb/src/tusb.c.o
                0x10005e1c                tu_edpt_stream_write_zlp_if_needed
 .text.tu_edpt_stream_write_xfer
                0x10005e84       0x68 CMakeFiles/project-template.dir/home/nw1728/pico/pico-sdk/lib/tinyusb/src/tusb.c.o
                0x10005e84                tu_edpt_stream_write_xfer
 .text.tu_edpt_stream_read_xfer
                0x10005eec       0xd8 CMakeFiles/project-template.dir/home/nw1728/pico/pico-sdk/lib/tinyusb/src/tusb.c.o
                0x10005eec                tu_edpt_stream_read_xfer
 .text.tu_fifo_config
                0x10005fc4       0x6c CMakeFiles/project-template.dir/home/nw1728/pico/pico-sdk/lib/tinyusb/src/common/tusb_fifo.c.o
                0x10005fc4                tu_fifo_config
 .text.tu_fifo_count
                0x10006030       0x2c CMakeFiles/project-template.dir/home/nw1728/pico/pico-sdk/lib/tinyusb/src/common/tusb_fifo.c.o
                0x10006030                tu_fifo_count
 .text.tu_fifo_empty
                0x1000605c       0x10 CMakeFiles/project-template.dir/home/nw1728/pico/pico-sdk/lib/tinyusb/src/common/tusb_fifo.c.o
                0x1000605c                tu_fifo_empty
 .text.tu_fifo_remaining
                0x1000606c       0x2c CMakeFiles/project-template.dir/home/nw1728/pico/pico-sdk/lib/tinyusb/src/common/tusb_fifo.c.o
                0x1000606c                tu_fifo_remaining
 .text.tu_fifo_read
                0x10006098       0x9c CMakeFiles/project-template.dir/home/nw1728/pico/pico-sdk/lib/tinyusb/src/common/tusb_fifo.c.o
                0x10006098                tu_fifo_read
 .text.tu_fifo_read_n
                0x10006134       0xe8 CMakeFiles/project-template.dir/home/nw1728/pico/pico-sdk/lib/tinyusb/src/common/tusb_fifo.c.o
                0x10006134                tu_fifo_read_n
 .text.tu_fifo_write
                0x1000621c       0xa4 CMakeFiles/project-template.dir/home/nw1728/pico/pico-sdk/lib/tinyusb/src/common/tusb_fifo.c.o
                0x1000621c                tu_fifo_write
 .text.tu_fifo_write_n
                0x100062c0      0x178 CMakeFiles/project-template.dir/home/nw1728/pico/pico-sdk/lib/tinyusb/src/common/tusb_fifo.c.o
                0x100062c0                tu_fifo_write_n
 .text.tu_fifo_clear
                0x10006438       0x40 CMakeFiles/project-template.dir/home/nw1728/pico/pico-sdk/lib/tinyusb/src/common/tusb_fifo.c.o
                0x10006438                tu_fifo_clear
 .text.tu_fifo_set_overwritable
                0x10006478       0x48 CMakeFiles/project-template.dir/home/nw1728/pico/pico-sdk/lib/tinyusb/src/common/tusb_fifo.c.o
                0x10006478                tu_fifo_set_overwritable
 .text.atexit   0x100064c0       0x10 /usr/lib/gcc/arm-none-eabi/14.2.0/../../../../arm-none-eabi/lib/thumb/v6-m/nofp/libg.a(libc_a-atexit.o)
                0x100064c0                atexit
 .text.__libc_fini_array
                0x100064d0       0x28 /usr/lib/gcc/arm-none-eabi/14.2.0/../../../../arm-none-eabi/lib/thumb/v6-m/nofp/libg.a(libc_a-fini.o)
                0x100064d0                __libc_fini_array
 .text.__retarget_lock_acquire_recursive
                0x100064f8        0x4 /usr/lib/gcc/arm-none-eabi/14.2.0/../../../../arm-none-eabi/lib/thumb/v6-m/nofp/libg.a(libc_a-lock.o)
                0x100064f8                __retarget_lock_acquire_recursive
 .text.__retarget_lock_release_recursive
                0x100064fc        0x4 /usr/lib/gcc/arm-none-eabi/14.2.0/../../../../arm-none-eabi/lib/thumb/v6-m/nofp/libg.a(libc_a-lock.o)
                0x100064fc                __retarget_lock_release_recursive
 .text.strlen   0x10006500       0x5c /usr/lib/gcc/arm-none-eabi/14.2.0/../../../../arm-none-eabi/lib/thumb/v6-m/nofp/libg.a(libc_a-strlen-stub.o)
                0x10006500                strlen
 .text.__register_exitproc
                0x1000655c       0xa8 /usr/lib/gcc/arm-none-eabi/14.2.0/../../../../arm-none-eabi/lib/thumb/v6-m/nofp/libg.a(libc_a-__atexit.o)
                0x1000655c                __register_exitproc
 .text.startup.register_fini
                0x10006604       0x18 /usr/lib/gcc/arm-none-eabi/14.2.0/../../../../arm-none-eabi/lib/thumb/v6-m/nofp/libg.a(libc_a-__call_atexit.o)
 *(.fini)
 .fini          0x1000661c        0x4 /usr/lib/gcc/arm-none-eabi/14.2.0/thumb/v6-m/nofp/crti.o
                0x1000661c                _fini
 .fini.__stub   0x10006620       0xc0 linker stubs
 *crtbegin.o(.ctors)
 *crtbegin?.o(.ctors)
 *(EXCLUDE_FILE(*crtend.o *crtend?.o) .ctors)
 *(SORT_BY_NAME(.ctors.*))
 *(.ctors)
 *crtbegin.o(.dtors)
 *crtbegin?.o(.dtors)
 *(EXCLUDE_FILE(*crtend.o *crtend?.o) .dtors)
 *(SORT_BY_NAME(.dtors.*))
 *(.dtors)
                0x100066e0                        . = ALIGN (0x4)
                0x100066e0                        PROVIDE (__preinit_array_start = .)
 *(SORT_BY_NAME(.preinit_array.*))
 .preinit_array.00100
                0x100066e0        0x4 CMakeFiles/project-template.dir/home/nw1728/pico/pico-sdk/src/rp2_common/pico_runtime_init/runtime_init.c.o
                0x100066e0                __pre_init_runtime_init_early_resets
 .preinit_array.00101
                0x100066e4        0x4 CMakeFiles/project-template.dir/home/nw1728/pico/pico-sdk/src/rp2_common/pico_runtime_init/runtime_init.c.o
                0x100066e4                __pre_init_runtime_init_usb_power_down
 .preinit_array.00275
                0x100066e8        0x4 CMakeFiles/project-template.dir/home/nw1728/pico/pico-sdk/src/rp2_common/pico_bit_ops/bit_ops_aeabi.S.o
 .preinit_array.00300
                0x100066ec        0x4 CMakeFiles/project-template.dir/home/nw1728/pico/pico-sdk/src/rp2_common/pico_mem_ops/mem_ops_aeabi.S.o
 .preinit_array.00350
                0x100066f0        0x4 CMakeFiles/project-template.dir/home/nw1728/pico/pico-sdk/src/rp2_common/pico_double/double_aeabi_rp2040.S.o
 .preinit_array.00350
                0x100066f4        0x4 CMakeFiles/project-template.dir/home/nw1728/pico/pico-sdk/src/rp2_common/pico_float/float_aeabi_rp2040.S.o
 .preinit_array.00500
                0x100066f8        0x4 CMakeFiles/project-template.dir/home/nw1728/pico/pico-sdk/src/rp2_common/pico_runtime_init/runtime_init.c.o
                0x100066f8                __pre_init_runtime_init_clocks
 .preinit_array.00600
                0x100066fc        0x4 CMakeFiles/project-template.dir/home/nw1728/pico/pico-sdk/src/rp2_common/pico_runtime_init/runtime_init.c.o
                0x100066fc                __pre_init_runtime_init_post_clock_resets
 .preinit_array.00700
                0x10006700        0x4 CMakeFiles/project-template.dir/home/nw1728/pico/pico-sdk/src/rp2_common/pico_runtime_init/runtime_init.c.o
                0x10006700                __pre_init_runtime_init_rp2040_gpio_ie_disable
 .preinit_array.01000
                0x10006704        0x4 CMakeFiles/project-template.dir/home/nw1728/pico/pico-sdk/src/rp2_common/pico_runtime_init/runtime_init.c.o
                0x10006704                __pre_init_runtime_init_spin_locks_reset
 .preinit_array.01100
                0x10006708        0x4 CMakeFiles/project-template.dir/home/nw1728/pico/pico-sdk/src/common/pico_sync/mutex.c.o
                0x10006708                __pre_init_runtime_init_mutex
 .preinit_array.10080
                0x1000670c        0x4 CMakeFiles/project-template.dir/home/nw1728/pico/pico-sdk/src/rp2_common/pico_runtime_init/runtime_init.c.o
                0x1000670c                __pre_init_runtime_init_install_ram_vector_table
 .preinit_array.11000
                0x10006710        0x4 CMakeFiles/project-template.dir/home/nw1728/pico/pico-sdk/src/common/pico_time/time.c.o
                0x10006710                __pre_init_runtime_init_default_alarm_pool
 .preinit_array.YYYYY
                0x10006714        0x4 CMakeFiles/project-template.dir/home/nw1728/pico/pico-sdk/src/rp2_common/pico_runtime/runtime.c.o
                0x10006714                __pre_init_first_per_core_initializer
 .preinit_array.ZZZZZ.01200
                0x10006718        0x4 CMakeFiles/project-template.dir/home/nw1728/pico/pico-sdk/src/rp2_common/hardware_irq/irq.c.o
                0x10006718                __pre_init_runtime_init_per_core_irq_priorities
 *(.preinit_array)
                0x1000671c                        PROVIDE (__preinit_array_end = .)
                0x1000671c                        . = ALIGN (0x4)
                0x1000671c                        PROVIDE (__init_array_start = .)
 *(SORT_BY_NAME(.init_array.*))
 .init_array.00000
                0x1000671c        0x4 /usr/lib/gcc/arm-none-eabi/14.2.0/../../../../arm-none-eabi/lib/thumb/v6-m/nofp/libg.a(libc_a-__call_atexit.o)
 .init_array.01000
                0x10006720        0x4 CMakeFiles/project-template.dir/home/nw1728/pico/pico-sdk/src/rp2_common/pico_unique_id/unique_id.c.o
 *(.init_array)
 .init_array    0x10006724        0x4 /usr/lib/gcc/arm-none-eabi/14.2.0/thumb/v6-m/nofp/crtbegin.o
                0x10006728                        PROVIDE (__init_array_end = .)
                0x10006728                        . = ALIGN (0x4)
                0x10006728                        PROVIDE (__fini_array_start = .)
 *(SORT_BY_NAME(.fini_array.*))
 *(.fini_array)
                0x10006728                        PROVIDE (__fini_array_end = .)
 *(.eh_frame*)
 .eh_frame      0x10006728        0x0 /usr/lib/gcc/arm-none-eabi/14.2.0/thumb/v6-m/nofp/crtbegin.o
                0x10006728                        . = ALIGN (0x4)

.glue_7         0x10006728        0x0
 .glue_7        0x10006728        0x0 linker stubs

.glue_7t        0x10006728        0x0
 .glue_7t       0x10006728        0x0 linker stubs

.vfp11_veneer   0x10006728        0x0
 .vfp11_veneer  0x10006728        0x0 linker stubs

.v4_bx          0x10006728        0x0
 .v4_bx         0x10006728        0x0 linker stubs

.iplt           0x10006728        0x0
 .iplt          0x10006728        0x0 /usr/lib/gcc/arm-none-eabi/14.2.0/thumb/v6-m/nofp/crtbegin.o

.rodata         0x10006728      0x63c
 *(EXCLUDE_FILE(*libm.a: *libc.a:*lib_a-mem*.o *libgcc.a:) .rodata*)
 .rodata.timer_callback.str1.4
                0x10006728      0x194 CMakeFiles/project-template.dir/main.c.o
                                  0x6 (size before relaxing)
 .rodata.panic.str1.4
                0x100068bc       0x12 CMakeFiles/project-template.dir/home/nw1728/pico/pico-sdk/src/rp2_common/pico_platform_panic/panic.c.o
 .rodata.spin_lock_claim_unused.str1.4
                0x100068bc       0x1b CMakeFiles/project-template.dir/home/nw1728/pico/pico-sdk/src/rp2_common/hardware_sync/sync.c.o
 .rodata.user_irq_claim_unused.str1.4
                0x100068bc       0x1b CMakeFiles/project-template.dir/home/nw1728/pico/pico-sdk/src/rp2_common/hardware_irq/irq.c.o
 .rodata.timer_hardware_alarm_claim.str1.4
                0x100068bc       0x22 CMakeFiles/project-template.dir/home/nw1728/pico/pico-sdk/src/rp2_common/hardware_timer/timer.c.o
 .rodata.hard_assertion_failure.str1.4
                0x100068bc        0xc CMakeFiles/project-template.dir/home/nw1728/pico/pico-sdk/src/rp2_common/pico_runtime/runtime.c.o
 .rodata.missing_double_func_shim.str1.4
                0x100068bc       0x18 CMakeFiles/project-template.dir/home/nw1728/pico/pico-sdk/src/rp2_common/pico_double/double_init_rom_rp2040.c.o
 .rodata.missing_float_func_shim.str1.4
                0x100068bc        0x1 CMakeFiles/project-template.dir/home/nw1728/pico/pico-sdk/src/rp2_common/pico_float/float_init_rom_rp2040.c.o
 .rodata.str1.4
                0x100068bc       0x48 CMakeFiles/project-template.dir/home/nw1728/pico/pico-sdk/src/rp2_common/pico_standard_binary_info/standard_binary_info.c.o
 .rodata.__bi_84
                0x100068bc        0xc CMakeFiles/project-template.dir/home/nw1728/pico/pico-sdk/src/rp2_common/pico_standard_binary_info/standard_binary_info.c.o
 .rodata.__bi_78
                0x100068c8        0xc CMakeFiles/project-template.dir/home/nw1728/pico/pico-sdk/src/rp2_common/pico_standard_binary_info/standard_binary_info.c.o
 .rodata.__bi_54
                0x100068d4        0xc CMakeFiles/project-template.dir/home/nw1728/pico/pico-sdk/src/rp2_common/pico_standard_binary_info/standard_binary_info.c.o
 .rodata.__bi_48
                0x100068e0        0xc CMakeFiles/project-template.dir/home/nw1728/pico/pico-sdk/src/rp2_common/pico_standard_binary_info/standard_binary_info.c.o
 .rodata.__bi_42
                0x100068ec        0xc CMakeFiles/project-template.dir/home/nw1728/pico/pico-sdk/src/rp2_common/pico_standard_binary_info/standard_binary_info.c.o
 .rodata.__bi_34
                0x100068f8        0xc CMakeFiles/project-template.dir/home/nw1728/pico/pico-sdk/src/rp2_common/pico_standard_binary_info/standard_binary_info.c.o
 .rodata.__bi_26
                0x10006904        0xc CMakeFiles/project-template.dir/home/nw1728/pico/pico-sdk/src/rp2_common/pico_standard_binary_info/standard_binary_info.c.o
 .rodata._ftoa.str1.4
                0x10006910       0x15 CMakeFiles/project-template.dir/home/nw1728/pico/pico-sdk/src/rp2_common/pico_printf/printf.c.o
 .rodata._vsnprintf
                0x10006910      0x19c CMakeFiles/project-template.dir/home/nw1728/pico/pico-sdk/src/rp2_common/pico_printf/printf.c.o
 *fill*         0x10006aac        0x4 
 .rodata.pow10.0
                0x10006ab0       0x50 CMakeFiles/project-template.dir/home/nw1728/pico/pico-sdk/src/rp2_common/pico_printf/printf.c.o
 .rodata.crlf_str.0
                0x10006b00        0x2 CMakeFiles/project-template.dir/home/nw1728/pico/pico-sdk/src/rp2_common/pico_stdio/stdio.c.o
 *fill*         0x10006b02        0x2 
 .rodata._resetd_driver
                0x10006b04       0x20 CMakeFiles/project-template.dir/home/nw1728/pico/pico-sdk/src/rp2_common/pico_stdio_usb/reset_interface.c.o
 .rodata.desc_ms_os_20
                0x10006b24       0xa6 CMakeFiles/project-template.dir/home/nw1728/pico/pico-sdk/src/rp2_common/pico_stdio_usb/reset_interface.c.o
 *fill*         0x10006bca        0x2 
 .rodata.desc_bos
                0x10006bcc       0x21 CMakeFiles/project-template.dir/home/nw1728/pico/pico-sdk/src/rp2_common/pico_stdio_usb/reset_interface.c.o
                0x10006bcc                desc_bos
 .rodata.str1.4
                0x10006bed       0x13 CMakeFiles/project-template.dir/home/nw1728/pico/pico-sdk/src/rp2_common/pico_stdio_usb/stdio_usb.c.o
 *fill*         0x10006bed        0x3 
 .rodata.__bi_202.0
                0x10006bf0        0xc CMakeFiles/project-template.dir/home/nw1728/pico/pico-sdk/src/rp2_common/pico_stdio_usb/stdio_usb.c.o
 .rodata.str1.4
                0x10006bfc       0x2a CMakeFiles/project-template.dir/home/nw1728/pico/pico-sdk/src/rp2_common/pico_stdio_usb/stdio_usb_descriptors.c.o
 .rodata.usbd_desc_str
                0x10006bfc       0x18 CMakeFiles/project-template.dir/home/nw1728/pico/pico-sdk/src/rp2_common/pico_stdio_usb/stdio_usb_descriptors.c.o
 .rodata.usbd_desc_cfg
                0x10006c14       0x54 CMakeFiles/project-template.dir/home/nw1728/pico/pico-sdk/src/rp2_common/pico_stdio_usb/stdio_usb_descriptors.c.o
 .rodata.usbd_desc_device
                0x10006c68       0x12 CMakeFiles/project-template.dir/home/nw1728/pico/pico-sdk/src/rp2_common/pico_stdio_usb/stdio_usb_descriptors.c.o
 .rodata.str1.4
                0x10006c7a       0x14 CMakeFiles/project-template.dir/home/nw1728/pico/pico-sdk/lib/tinyusb/src/portable/raspberrypi/rp2040/dcd_rp2040.c.o
 .rodata.str1.4
                0x10006c7a       0x48 CMakeFiles/project-template.dir/home/nw1728/pico/pico-sdk/lib/tinyusb/src/portable/raspberrypi/rp2040/rp2040_usb.c.o
 *fill*         0x10006c7a        0x2 
 .rodata.tud_task_ext
                0x10006c7c       0x8c CMakeFiles/project-template.dir/home/nw1728/pico/pico-sdk/lib/tinyusb/src/device/usbd.c.o
 .rodata        0x10006d08       0x1c CMakeFiles/project-template.dir/home/nw1728/pico/pico-sdk/lib/tinyusb/src/device/usbd.c.o
 .rodata._usbd_driver
                0x10006d24       0x40 CMakeFiles/project-template.dir/home/nw1728/pico/pico-sdk/lib/tinyusb/src/device/usbd.c.o
                0x10006d64                        . = ALIGN (0x4)
 *(SORT_BY_ALIGNMENT(SORT_BY_NAME(.flashdata*)))
                0x10006d64                        . = ALIGN (0x4)

.ARM.extab
 *(.ARM.extab* .gnu.linkonce.armextab.*)
                0x10006d64                        __exidx_start = .

.ARM.exidx
 *(.ARM.exidx* .gnu.linkonce.armexidx.*)
                0x10006d64                        __exidx_end = .
                0x10006d64                        . = ALIGN (0x4)
                0x10006d64                        __binary_info_start = .

.binary_info    0x10006d64       0x20
 *(.binary_info.keep.*)
 .binary_info.keep.__bi_ptr84
                0x10006d64        0x4 CMakeFiles/project-template.dir/home/nw1728/pico/pico-sdk/src/rp2_common/pico_standard_binary_info/standard_binary_info.c.o
 .binary_info.keep.__bi_ptr78
                0x10006d68        0x4 CMakeFiles/project-template.dir/home/nw1728/pico/pico-sdk/src/rp2_common/pico_standard_binary_info/standard_binary_info.c.o
 .binary_info.keep.__bi_ptr54
                0x10006d6c        0x4 CMakeFiles/project-template.dir/home/nw1728/pico/pico-sdk/src/rp2_common/pico_standard_binary_info/standard_binary_info.c.o
 .binary_info.keep.__bi_ptr48
                0x10006d70        0x4 CMakeFiles/project-template.dir/home/nw1728/pico/pico-sdk/src/rp2_common/pico_standard_binary_info/standard_binary_info.c.o
 .binary_info.keep.__bi_ptr42
                0x10006d74        0x4 CMakeFiles/project-template.dir/home/nw1728/pico/pico-sdk/src/rp2_common/pico_standard_binary_info/standard_binary_info.c.o
 .binary_info.keep.__bi_ptr34
                0x10006d78        0x4 CMakeFiles/project-template.dir/home/nw1728/pico/pico-sdk/src/rp2_common/pico_standard_binary_info/standard_binary_info.c.o
 .binary_info.keep.__bi_ptr26
                0x10006d7c        0x4 CMakeFiles/project-template.dir/home/nw1728/pico/pico-sdk/src/rp2_common/pico_standard_binary_info/standard_binary_info.c.o
 *(.binary_info.*)
 .binary_info.__bi_ptr202
                0x10006d80        0x4 CMakeFiles/project-template.dir/home/nw1728/pico/pico-sdk/src/rp2_common/pico_stdio_usb/stdio_usb.c.o
                0x10006d84                        __binary_info_end = .
                0x10006d84                        . = ALIGN (0x4)

.ram_vector_table
                0x20000000       0xc0
 *(.ram_vector_table)
 .ram_vector_table
                0x20000000       0xc0 CMakeFiles/project-template.dir/home/nw1728/pico/pico-sdk/src/rp2_common/pico_runtime_init/runtime_init.c.o
                0x20000000                ram_vector_table

.uninitialized_data
                0x200000c0        0x0
                0x200000c0                        . = ALIGN (0x4)
 *(.uninitialized_data*)

.data           0x200000c0      0xff4 load address 0x10006d84
                0x200000c0                        __data_start__ = .
 *(vtable)
 *(.time_critical*)
 .time_critical.mutex_try_enter
                0x200000c0       0x40 CMakeFiles/project-template.dir/home/nw1728/pico/pico-sdk/src/common/pico_sync/mutex.c.o
                0x200000c0                mutex_try_enter
 .time_critical.mutex_try_enter_block_until
                0x20000100       0x98 CMakeFiles/project-template.dir/home/nw1728/pico/pico-sdk/src/common/pico_sync/mutex.c.o
                0x20000100                mutex_try_enter_block_until
 .time_critical.mutex_enter_timeout_ms
                0x20000198       0x8c CMakeFiles/project-template.dir/home/nw1728/pico/pico-sdk/src/common/pico_sync/mutex.c.o
                0x20000198                mutex_enter_timeout_ms
 .time_critical.mutex_exit
                0x20000224       0x28 CMakeFiles/project-template.dir/home/nw1728/pico/pico-sdk/src/common/pico_sync/mutex.c.o
                0x20000224                mutex_exit
 .time_critical.flash_init_boot2_copyout
                0x2000024c       0x30 CMakeFiles/project-template.dir/home/nw1728/pico/pico-sdk/src/rp2_common/hardware_flash/flash.c.o
 .time_critical.flash_enable_xip_via_boot2
                0x2000027c        0xc CMakeFiles/project-template.dir/home/nw1728/pico/pico-sdk/src/rp2_common/hardware_flash/flash.c.o
 .time_critical.flash_save_hardware_state
                0x20000288       0x20 CMakeFiles/project-template.dir/home/nw1728/pico/pico-sdk/src/rp2_common/hardware_flash/flash.c.o
 .time_critical.flash_restore_hardware_state
                0x200002a8       0x20 CMakeFiles/project-template.dir/home/nw1728/pico/pico-sdk/src/rp2_common/hardware_flash/flash.c.o
 .time_critical.flash_cs_force
                0x200002c8       0x38 CMakeFiles/project-template.dir/home/nw1728/pico/pico-sdk/src/rp2_common/hardware_flash/flash.c.o
 .time_critical.flash_do_cmd
                0x20000300      0x13c CMakeFiles/project-template.dir/home/nw1728/pico/pico-sdk/src/rp2_common/hardware_flash/flash.c.o
                0x20000300                flash_do_cmd
 .time_critical.reset_non_control_endpoints
                0x2000043c       0x68 CMakeFiles/project-template.dir/home/nw1728/pico/pico-sdk/lib/tinyusb/src/portable/raspberrypi/rp2040/dcd_rp2040.c.o
 .time_critical.hw_handle_buff_status
                0x200004a4       0xa0 CMakeFiles/project-template.dir/home/nw1728/pico/pico-sdk/lib/tinyusb/src/portable/raspberrypi/rp2040/dcd_rp2040.c.o
 .time_critical.dcd_rp2040_irq
                0x20000544      0x548 CMakeFiles/project-template.dir/home/nw1728/pico/pico-sdk/lib/tinyusb/src/portable/raspberrypi/rp2040/dcd_rp2040.c.o
 .time_critical.prepare_ep_buffer
                0x20000a8c       0xc8 CMakeFiles/project-template.dir/home/nw1728/pico/pico-sdk/lib/tinyusb/src/portable/raspberrypi/rp2040/rp2040_usb.c.o
 .time_critical.sync_ep_buffer
                0x20000b54       0x9c CMakeFiles/project-template.dir/home/nw1728/pico/pico-sdk/lib/tinyusb/src/portable/raspberrypi/rp2040/rp2040_usb.c.o
 .time_critical._hw_endpoint_xfer_sync
                0x20000bf0       0x28 CMakeFiles/project-template.dir/home/nw1728/pico/pico-sdk/lib/tinyusb/src/portable/raspberrypi/rp2040/rp2040_usb.c.o
 .time_critical.e15_is_bulkin_ep
                0x20000c18       0x28 CMakeFiles/project-template.dir/home/nw1728/pico/pico-sdk/lib/tinyusb/src/portable/raspberrypi/rp2040/rp2040_usb.c.o
 .time_critical.e15_is_critical_frame_period
                0x20000c40       0x34 CMakeFiles/project-template.dir/home/nw1728/pico/pico-sdk/lib/tinyusb/src/portable/raspberrypi/rp2040/rp2040_usb.c.o
 .time_critical.hw_endpoint_reset_transfer
                0x20000c74        0xc CMakeFiles/project-template.dir/home/nw1728/pico/pico-sdk/lib/tinyusb/src/portable/raspberrypi/rp2040/rp2040_usb.c.o
                0x20000c74                hw_endpoint_reset_transfer
 .time_critical._hw_endpoint_buffer_control_update32
                0x20000c80       0x50 CMakeFiles/project-template.dir/home/nw1728/pico/pico-sdk/lib/tinyusb/src/portable/raspberrypi/rp2040/rp2040_usb.c.o
                0x20000c80                _hw_endpoint_buffer_control_update32
 .time_critical.hw_endpoint_start_next_buffer
                0x20000cd0       0x68 CMakeFiles/project-template.dir/home/nw1728/pico/pico-sdk/lib/tinyusb/src/portable/raspberrypi/rp2040/rp2040_usb.c.o
                0x20000cd0                hw_endpoint_start_next_buffer
 .time_critical.hw_endpoint_xfer_continue
                0x20000d38       0x40 CMakeFiles/project-template.dir/home/nw1728/pico/pico-sdk/lib/tinyusb/src/portable/raspberrypi/rp2040/rp2040_usb.c.o
                0x20000d38                hw_endpoint_xfer_continue
 .time_critical.tinyusb
                0x20000d78      0x1e4 CMakeFiles/project-template.dir/home/nw1728/pico/pico-sdk/lib/tinyusb/src/device/usbd.c.o
                0x20000d78                dcd_event_handler
 *(.text*)
 .text          0x20000f5c        0x4 /usr/lib/gcc/arm-none-eabi/14.2.0/thumb/v6-m/nofp/libgcc.a(_dvmd_tls.o)
                0x20000f5c                __aeabi_ldiv0
                0x20000f5c                __aeabi_idiv0
 .text.__stub   0x20000f60       0x80 linker stubs
                0x20000fe0                        . = ALIGN (0x4)
 *(.rodata*)
                0x20000fe0                        . = ALIGN (0x4)
 *(.data*)
 .data.striped_spin_lock_num
                0x20000fe0        0x1 CMakeFiles/project-template.dir/home/nw1728/pico/pico-sdk/src/rp2_common/hardware_sync/sync.c.o
 *fill*         0x20000fe1        0x3 
 .data          0x20000fe4       0x48 CMakeFiles/project-template.dir/home/nw1728/pico/pico-sdk/src/rp2_common/hardware_irq/irq_handler_chain.S.o
                0x20000fe4                irq_handler_chain_slots
                0x20001014                irq_handler_chain_first_slot
                0x2000101e                irq_handler_chain_remove_tail
 .data.default_alarm_pool
                0x2000102c       0x18 CMakeFiles/project-template.dir/home/nw1728/pico/pico-sdk/src/common/pico_time/time.c.o
 *fill*         0x20001044        0xc 
 .data.aeabi_bits_funcs
                0x20001050       0x10 CMakeFiles/project-template.dir/home/nw1728/pico/pico-sdk/src/rp2_common/pico_bit_ops/bit_ops_aeabi.S.o
                0x20001050                aeabi_bits_funcs
                0x20001060                aeabi_bits_funcs_end
 .data.aeabi_mem_funcs
                0x20001060       0x10 CMakeFiles/project-template.dir/home/nw1728/pico/pico-sdk/src/rp2_common/pico_mem_ops/mem_ops_aeabi.S.o
                0x20001060                aeabi_mem_funcs
                0x20001070                aeabi_mem_funcs_end
 .data.stdio_usb
                0x20001070       0x18 CMakeFiles/project-template.dir/home/nw1728/pico/pico-sdk/src/rp2_common/pico_stdio_usb/stdio_usb.c.o
                0x20001070                stdio_usb
 .data._usbd_qdef
                0x20001088       0x1c CMakeFiles/project-template.dir/home/nw1728/pico/pico-sdk/lib/tinyusb/src/device/usbd.c.o
                0x20001088                _usbd_qdef
 .data._usbd_rhport
                0x200010a4        0x1 CMakeFiles/project-template.dir/home/nw1728/pico/pico-sdk/lib/tinyusb/src/device/usbd.c.o
 *fill*         0x200010a5        0x3 
 .data.__atexit_recursive_mutex
                0x200010a8        0x4 /usr/lib/gcc/arm-none-eabi/14.2.0/../../../../arm-none-eabi/lib/thumb/v6-m/nofp/libg.a(libc_a-__call_atexit.o)
                0x200010a8                __atexit_recursive_mutex
                0x200010ac                        . = ALIGN (0x4)
 *(.after_data.*)
                0x200010ac                        . = ALIGN (0x4)
                0x200010ac                        PROVIDE (__mutex_array_start = .)
 *(SORT_BY_NAME(.mutex_array.*))
 *(.mutex_array)
 .mutex_array   0x200010ac        0x8 CMakeFiles/project-template.dir/home/nw1728/pico/pico-sdk/src/rp2_common/pico_stdio/stdio.c.o
                0x200010b4                        PROVIDE (__mutex_array_end = .)
                0x200010b4                        . = ALIGN (0x4)
 *(.jcr)
                0x200010b4                        . = ALIGN (0x4)

.igot.plt       0x200010b4        0x0 load address 0x10007d78
 .igot.plt      0x200010b4        0x0 /usr/lib/gcc/arm-none-eabi/14.2.0/thumb/v6-m/nofp/crtbegin.o

.tdata          0x200010b4        0x0 load address 0x10007d78
                0x200010b4                        . = ALIGN (0x4)
 *(.tdata .tdata.* .gnu.linkonce.td.*)
                0x200010b4                        __tdata_end = .
                0x200010b4                        PROVIDE (__data_end__ = .)
                0x10006d84                        __etext = LOADADDR (.data)

.tbss           0x200010b4        0x0 load address 0x10007d78
                0x200010b4                        . = ALIGN (0x4)
                0x200010b4                        __bss_start__ = .
                0x200010b4                        __tls_base = .
 *(.tbss .tbss.* .gnu.linkonce.tb.*)
 *(.tcommon)
                0x200010b4                        __tls_end = .

.bss            0x200010b8     0x1094 load address 0x10007d78
                0x200010b8                        . = ALIGN (0x4)
                0x200010b8                        __tbss_end = .
 *(SORT_BY_ALIGNMENT(SORT_BY_NAME(.bss*)))
 .bss.default_alarm_pool_entries
                0x200010b8      0x180 CMakeFiles/project-template.dir/home/nw1728/pico/pico-sdk/src/common/pico_time/time.c.o
 .bss.last_avail_time.1
                0x20001238        0x8 CMakeFiles/project-template.dir/home/nw1728/pico/pico-sdk/src/rp2_common/pico_stdio_usb/stdio_usb.c.o
 .bss.sd_table  0x20001240      0x100 CMakeFiles/project-template.dir/home/nw1728/pico/pico-sdk/src/rp2_common/pico_double/double_init_rom_rp2040.c.o
                0x20001240                sd_table
 .bss.__atexit  0x20001340        0x4 /usr/lib/gcc/arm-none-eabi/14.2.0/../../../../arm-none-eabi/lib/thumb/v6-m/nofp/libg.a(libc_a-__call_atexit.o)
                0x20001340                __atexit
 .bss.__atexit0
                0x20001344      0x190 /usr/lib/gcc/arm-none-eabi/14.2.0/../../../../arm-none-eabi/lib/thumb/v6-m/nofp/libg.a(libc_a-__atexit.o)
                0x20001344                __atexit0
 .bss.__lock___atexit_recursive_mutex
                0x200014d4        0x1 /usr/lib/gcc/arm-none-eabi/14.2.0/../../../../arm-none-eabi/lib/thumb/v6-m/nofp/libg.a(libc_a-lock.o)
                0x200014d4                __lock___atexit_recursive_mutex
 *fill*         0x200014d5        0x3 
 .bss._app_driver
                0x200014d8        0x4 CMakeFiles/project-template.dir/home/nw1728/pico/pico-sdk/lib/tinyusb/src/device/usbd.c.o
 .bss._cdcd_epbuf
                0x200014dc       0x80 CMakeFiles/project-template.dir/home/nw1728/pico/pico-sdk/lib/tinyusb/src/class/cdc/cdc_device.c.o
 .bss._cdcd_fifo_cfg
                0x2000155c        0x1 CMakeFiles/project-template.dir/home/nw1728/pico/pico-sdk/lib/tinyusb/src/class/cdc/cdc_device.c.o
 *fill*         0x2000155d        0x3 
 .bss._cdcd_itf
                0x20001560       0xc8 CMakeFiles/project-template.dir/home/nw1728/pico/pico-sdk/lib/tinyusb/src/class/cdc/cdc_device.c.o
 .bss._ctrl_epbuf
                0x20001628       0x40 CMakeFiles/project-template.dir/home/nw1728/pico/pico-sdk/lib/tinyusb/src/device/usbd_control.c.o
 .bss._ctrl_xfer
                0x20001668       0x14 CMakeFiles/project-template.dir/home/nw1728/pico/pico-sdk/lib/tinyusb/src/device/usbd_control.c.o
 .bss._tusb_rhport_role
                0x2000167c        0x2 CMakeFiles/project-template.dir/home/nw1728/pico/pico-sdk/lib/tinyusb/src/tusb.c.o
                0x2000167c                _tusb_rhport_role
 *fill*         0x2000167e        0x2 
 .bss._ubsd_mutexdef
                0x20001680        0x8 CMakeFiles/project-template.dir/home/nw1728/pico/pico-sdk/lib/tinyusb/src/device/usbd.c.o
 .bss._usbd_dev
                0x20001688       0x54 CMakeFiles/project-template.dir/home/nw1728/pico/pico-sdk/lib/tinyusb/src/device/usbd.c.o
 .bss._usbd_mutex
                0x200016dc        0x4 CMakeFiles/project-template.dir/home/nw1728/pico/pico-sdk/lib/tinyusb/src/device/usbd.c.o
 .bss._usbd_q   0x200016e0        0x4 CMakeFiles/project-template.dir/home/nw1728/pico/pico-sdk/lib/tinyusb/src/device/usbd.c.o
 .bss._usbd_qdef_buf
                0x200016e4       0xc0 CMakeFiles/project-template.dir/home/nw1728/pico/pico-sdk/lib/tinyusb/src/device/usbd.c.o
                0x200016e4                _usbd_qdef_buf
 .bss._vendord_epbuf
                0x200017a4       0x80 CMakeFiles/project-template.dir/home/nw1728/pico/pico-sdk/lib/tinyusb/src/class/vendor/vendor_device.c.o
 .bss._vendord_itf
                0x20001824      0x24c CMakeFiles/project-template.dir/home/nw1728/pico/pico-sdk/lib/tinyusb/src/class/vendor/vendor_device.c.o
 .bss.boot2_copyout
                0x20001a70      0x100 CMakeFiles/project-template.dir/home/nw1728/pico/pico-sdk/src/rp2_common/hardware_flash/flash.c.o
 .bss.chars_available_callback
                0x20001b70        0x4 CMakeFiles/project-template.dir/home/nw1728/pico/pico-sdk/src/rp2_common/pico_stdio_usb/stdio_usb.c.o
 .bss.chars_available_param
                0x20001b74        0x4 CMakeFiles/project-template.dir/home/nw1728/pico/pico-sdk/src/rp2_common/pico_stdio_usb/stdio_usb.c.o
 .bss.claimed   0x20001b78        0x4 CMakeFiles/project-template.dir/home/nw1728/pico/pico-sdk/src/rp2_common/hardware_sync/sync.c.o
 .bss.claimed   0x20001b7c        0x1 CMakeFiles/project-template.dir/home/nw1728/pico/pico-sdk/src/rp2_common/hardware_timer/timer.c.o
 *fill*         0x20001b7d        0x3 
 .bss.configured_freq
                0x20001b80       0x28 CMakeFiles/project-template.dir/home/nw1728/pico/pico-sdk/src/rp2_common/hardware_clocks/clocks.c.o
 .bss.desc_str.0
                0x20001ba8       0x28 CMakeFiles/project-template.dir/home/nw1728/pico/pico-sdk/src/rp2_common/pico_stdio_usb/stdio_usb_descriptors.c.o
 .bss.drivers   0x20001bd0        0x4 CMakeFiles/project-template.dir/home/nw1728/pico/pico-sdk/src/rp2_common/pico_stdio/stdio.c.o
 .bss.e15_last_sof
                0x20001bd4        0x4 CMakeFiles/project-template.dir/home/nw1728/pico/pico-sdk/lib/tinyusb/src/portable/raspberrypi/rp2040/rp2040_usb.c.o
                0x20001bd4                e15_last_sof
 .bss.filter    0x20001bd8        0x4 CMakeFiles/project-template.dir/home/nw1728/pico/pico-sdk/src/rp2_common/pico_stdio/stdio.c.o
 .bss.hw_endpoints
                0x20001bdc      0x400 CMakeFiles/project-template.dir/home/nw1728/pico/pico-sdk/lib/tinyusb/src/portable/raspberrypi/rp2040/dcd_rp2040.c.o
 .bss.lazy_vsnprintf
                0x20001fdc        0x4 CMakeFiles/project-template.dir/home/nw1728/pico/pico-sdk/src/rp2_common/pico_printf/printf.c.o
 .bss.load_value
                0x20001fe0        0x4 CMakeFiles/project-template.dir/home/nw1728/pico/pico-sdk/src/rp2_common/hardware_watchdog/watchdog.c.o
 .bss.next_buffer_ptr
                0x20001fe4        0x4 CMakeFiles/project-template.dir/home/nw1728/pico/pico-sdk/lib/tinyusb/src/portable/raspberrypi/rp2040/dcd_rp2040.c.o
 .bss.object.0  0x20001fe8       0x18 /usr/lib/gcc/arm-none-eabi/14.2.0/thumb/v6-m/nofp/crtbegin.o
 .bss.one_shot_timer_crit_sec
                0x20002000        0x8 CMakeFiles/project-template.dir/home/nw1728/pico/pico-sdk/src/rp2_common/pico_stdio_usb/stdio_usb.c.o
 .bss.pools     0x20002008       0x10 CMakeFiles/project-template.dir/home/nw1728/pico/pico-sdk/src/common/pico_time/time.c.o
 .bss.retrieved_id
                0x20002018        0x8 CMakeFiles/project-template.dir/home/nw1728/pico/pico-sdk/src/rp2_common/pico_unique_id/unique_id.c.o
 .bss.sf_clz_func
                0x20002020        0x4 CMakeFiles/project-template.dir/home/nw1728/pico/pico-sdk/src/rp2_common/pico_double/double_init_rom_rp2040.c.o
                0x20002020                sf_clz_func
 .bss.sf_table  0x20002024      0x100 CMakeFiles/project-template.dir/home/nw1728/pico/pico-sdk/src/rp2_common/pico_float/float_init_rom_rp2040.c.o
                0x20002024                sf_table
 .bss.sleep_notifier
                0x20002124        0x4 CMakeFiles/project-template.dir/home/nw1728/pico/pico-sdk/src/common/pico_time/time.c.o
 .bss.stdio_usb_mutex
                0x20002128        0x8 CMakeFiles/project-template.dir/home/nw1728/pico/pico-sdk/src/rp2_common/pico_stdio_usb/stdio_usb.c.o
 .bss.usbd_serial_str
                0x20002130       0x11 CMakeFiles/project-template.dir/home/nw1728/pico/pico-sdk/src/rp2_common/pico_stdio_usb/stdio_usb_descriptors.c.o
 .bss._app_driver_count
                0x20002141        0x1 CMakeFiles/project-template.dir/home/nw1728/pico/pico-sdk/lib/tinyusb/src/device/usbd.c.o
 .bss._sof_enable
                0x20002142        0x1 CMakeFiles/project-template.dir/home/nw1728/pico/pico-sdk/lib/tinyusb/src/portable/raspberrypi/rp2040/dcd_rp2040.c.o
 .bss._usbd_queued_setup
                0x20002143        0x1 CMakeFiles/project-template.dir/home/nw1728/pico/pico-sdk/lib/tinyusb/src/device/usbd.c.o
 .bss.boot2_copyout_valid
                0x20002144        0x1 CMakeFiles/project-template.dir/home/nw1728/pico/pico-sdk/src/rp2_common/hardware_flash/flash.c.o
 .bss.irq_handler_chain_free_slot_head
                0x20002145        0x1 CMakeFiles/project-template.dir/home/nw1728/pico/pico-sdk/src/rp2_common/hardware_irq/irq.c.o
 .bss.itf_num   0x20002146        0x1 CMakeFiles/project-template.dir/home/nw1728/pico/pico-sdk/src/rp2_common/pico_stdio_usb/reset_interface.c.o
 .bss.led_on.0  0x20002147        0x1 CMakeFiles/project-template.dir/main.c.o
 .bss.low_priority_irq_num
                0x20002148        0x1 CMakeFiles/project-template.dir/home/nw1728/pico/pico-sdk/src/rp2_common/pico_stdio_usb/stdio_usb.c.o
 .bss.one_shot_timer_pending
                0x20002149        0x1 CMakeFiles/project-template.dir/home/nw1728/pico/pico-sdk/src/rp2_common/pico_stdio_usb/stdio_usb.c.o
 .bss.user_irq_claimed
                0x2000214a        0x1 CMakeFiles/project-template.dir/home/nw1728/pico/pico-sdk/src/rp2_common/hardware_irq/irq.c.o
 *(COMMON)
                0x2000214c                        . = ALIGN (0x4)
 *fill*         0x2000214b        0x1 
                0x2000214c                        __bss_end__ = .

.heap           0x2000214c      0x800 load address 0x10007d78
                0x2000214c                        __end__ = .
                0x2000214c                        end = __end__
 *(.heap*)
 .heap          0x2000214c      0x800 CMakeFiles/project-template.dir/home/nw1728/pico/pico-sdk/src/rp2_common/pico_crt0/crt0.S.o
                0x20040000                        __HeapLimit = (ORIGIN (RAM) + LENGTH (RAM))

.scratch_x      0x20040000        0x0 load address 0x10007d78
                0x20040000                        __scratch_x_start__ = .
 *(.scratch_x.*)
                0x20040000                        . = ALIGN (0x4)
                0x20040000                        __scratch_x_end__ = .
                0x10007d78                        __scratch_x_source__ = LOADADDR (.scratch_x)

.scratch_y      0x20041000        0x0 load address 0x10007d78
                0x20041000                        __scratch_y_start__ = .
 *(.scratch_y.*)
                0x20041000                        . = ALIGN (0x4)
                0x20041000                        __scratch_y_end__ = .
                0x10007d78                        __scratch_y_source__ = LOADADDR (.scratch_y)

.stack1_dummy
 *(.stack1*)

.stack_dummy    0x20041000      0x800
 *(.stack*)
 .stack         0x20041000      0x800 CMakeFiles/project-template.dir/home/nw1728/pico/pico-sdk/src/rp2_common/pico_crt0/crt0.S.o

.rel.dyn        0x20041800        0x0
 .rel.iplt      0x20041800        0x0 /usr/lib/gcc/arm-none-eabi/14.2.0/thumb/v6-m/nofp/crtbegin.o

.flash_end      0x10007d78        0x0
 *(.embedded_end_block*)
                0x10007d78                        PROVIDE (__flash_binary_end = .)
                0x20040000                        __StackLimit = (ORIGIN (RAM) + LENGTH (RAM))
                0x20041000                        __StackOneTop = (ORIGIN (SCRATCH_X) + LENGTH (SCRATCH_X))
                0x20042000                        __StackTop = (ORIGIN (SCRATCH_Y) + LENGTH (SCRATCH_Y))
                0x20041000                        __StackOneBottom = (__StackOneTop - SIZEOF (.stack1_dummy))
                0x20041800                        __StackBottom = (__StackTop - SIZEOF (.stack_dummy))
                0x20042000                        PROVIDE (__stack = __StackTop)
                [!provide]                        PROVIDE (__heap_start = __end__)
                [!provide]                        PROVIDE (__heap_end = __HeapLimit)
                [!provide]                        PROVIDE (__tls_align = MAX (ALIGNOF (.tdata), ALIGNOF (.tbss)))
                [!provide]                        PROVIDE (__tls_size_align = (((__tls_size + __tls_align) - 0x1) & ~ ((__tls_align - 0x1))))
                [!provide]                        PROVIDE (__arm32_tls_tcb_offset = MAX (0x8, __tls_align))
                [!provide]                        PROVIDE (_end = __end__)
                [!provide]                        PROVIDE (__llvm_libc_heap_limit = __HeapLimit)
                0x00000001                        ASSERT ((__StackLimit >= __HeapLimit), region RAM overflowed)
                0x00000001                        ASSERT (((__binary_info_header_end - __logical_binary_start) <= 0x100), Binary info must be in first 256 bytes of the binary)
LOAD CMakeFiles/project-template.dir/main.c.o
LOAD CMakeFiles/project-template.dir/home/nw1728/pico/pico-sdk/src/rp2_common/pico_stdlib/stdlib.c.o
LOAD CMakeFiles/project-template.dir/home/nw1728/pico/pico-sdk/src/rp2_common/hardware_gpio/gpio.c.o
LOAD CMakeFiles/project-template.dir/home/nw1728/pico/pico-sdk/src/rp2040/pico_platform/platform.c.o
LOAD CMakeFiles/project-template.dir/home/nw1728/pico/pico-sdk/src/rp2_common/pico_platform_common/common.c.o
LOAD CMakeFiles/project-template.dir/home/nw1728/pico/pico-sdk/src/rp2_common/pico_platform_panic/panic.c.o
LOAD CMakeFiles/project-template.dir/home/nw1728/pico/pico-sdk/src/common/hardware_claim/claim.c.o
LOAD CMakeFiles/project-template.dir/home/nw1728/pico/pico-sdk/src/rp2_common/hardware_sync/sync.c.o
LOAD CMakeFiles/project-template.dir/home/nw1728/pico/pico-sdk/src/rp2_common/hardware_sync_spin_lock/sync_spin_lock.c.o
LOAD CMakeFiles/project-template.dir/home/nw1728/pico/pico-sdk/src/rp2_common/hardware_irq/irq.c.o
LOAD CMakeFiles/project-template.dir/home/nw1728/pico/pico-sdk/src/rp2_common/hardware_irq/irq_handler_chain.S.o
LOAD CMakeFiles/project-template.dir/home/nw1728/pico/pico-sdk/src/common/pico_sync/sem.c.o
LOAD CMakeFiles/project-template.dir/home/nw1728/pico/pico-sdk/src/common/pico_sync/lock_core.c.o
LOAD CMakeFiles/project-template.dir/home/nw1728/pico/pico-sdk/src/common/pico_sync/mutex.c.o
LOAD CMakeFiles/project-template.dir/home/nw1728/pico/pico-sdk/src/common/pico_sync/critical_section.c.o
LOAD CMakeFiles/project-template.dir/home/nw1728/pico/pico-sdk/src/common/pico_time/time.c.o
LOAD CMakeFiles/project-template.dir/home/nw1728/pico/pico-sdk/src/common/pico_time/timeout_helper.c.o
LOAD CMakeFiles/project-template.dir/home/nw1728/pico/pico-sdk/src/rp2_common/hardware_timer/timer.c.o
LOAD CMakeFiles/project-template.dir/home/nw1728/pico/pico-sdk/src/common/pico_util/datetime.c.o
LOAD CMakeFiles/project-template.dir/home/nw1728/pico/pico-sdk/src/common/pico_util/pheap.c.o
LOAD CMakeFiles/project-template.dir/home/nw1728/pico/pico-sdk/src/common/pico_util/queue.c.o
LOAD CMakeFiles/project-template.dir/home/nw1728/pico/pico-sdk/src/rp2_common/hardware_uart/uart.c.o
LOAD CMakeFiles/project-template.dir/home/nw1728/pico/pico-sdk/src/rp2_common/hardware_clocks/clocks.c.o
LOAD CMakeFiles/project-template.dir/home/nw1728/pico/pico-sdk/src/rp2_common/hardware_pll/pll.c.o
LOAD CMakeFiles/project-template.dir/home/nw1728/pico/pico-sdk/src/rp2_common/hardware_vreg/vreg.c.o
LOAD CMakeFiles/project-template.dir/home/nw1728/pico/pico-sdk/src/rp2_common/hardware_watchdog/watchdog.c.o
LOAD CMakeFiles/project-template.dir/home/nw1728/pico/pico-sdk/src/rp2_common/hardware_ticks/ticks.c.o
LOAD CMakeFiles/project-template.dir/home/nw1728/pico/pico-sdk/src/rp2_common/pico_bootrom/bootrom.c.o
LOAD CMakeFiles/project-template.dir/home/nw1728/pico/pico-sdk/src/rp2_common/pico_bootrom/bootrom_lock.c.o
LOAD CMakeFiles/project-template.dir/home/nw1728/pico/pico-sdk/src/rp2_common/hardware_boot_lock/boot_lock.c.o
LOAD CMakeFiles/project-template.dir/home/nw1728/pico/pico-sdk/src/rp2_common/pico_flash/flash.c.o
LOAD CMakeFiles/project-template.dir/home/nw1728/pico/pico-sdk/src/rp2_common/hardware_xosc/xosc.c.o
LOAD CMakeFiles/project-template.dir/home/nw1728/pico/pico-sdk/src/rp2_common/hardware_divider/divider.S.o
LOAD CMakeFiles/project-template.dir/home/nw1728/pico/pico-sdk/src/rp2_common/pico_runtime/runtime.c.o
LOAD CMakeFiles/project-template.dir/home/nw1728/pico/pico-sdk/src/rp2_common/pico_runtime_init/runtime_init.c.o
LOAD CMakeFiles/project-template.dir/home/nw1728/pico/pico-sdk/src/rp2_common/pico_runtime_init/runtime_init_clocks.c.o
LOAD CMakeFiles/project-template.dir/home/nw1728/pico/pico-sdk/src/rp2_common/pico_runtime_init/runtime_init_stack_guard.c.o
LOAD CMakeFiles/project-template.dir/home/nw1728/pico/pico-sdk/src/rp2_common/pico_bit_ops/bit_ops_aeabi.S.o
LOAD CMakeFiles/project-template.dir/home/nw1728/pico/pico-sdk/src/rp2_common/pico_divider/divider_hardware.S.o
LOAD CMakeFiles/project-template.dir/home/nw1728/pico/pico-sdk/src/rp2_common/pico_double/double_aeabi_rp2040.S.o
LOAD CMakeFiles/project-template.dir/home/nw1728/pico/pico-sdk/src/rp2_common/pico_double/double_init_rom_rp2040.c.o
LOAD CMakeFiles/project-template.dir/home/nw1728/pico/pico-sdk/src/rp2_common/pico_double/double_math.c.o
LOAD CMakeFiles/project-template.dir/home/nw1728/pico/pico-sdk/src/rp2_common/pico_double/double_v1_rom_shim_rp2040.S.o
LOAD CMakeFiles/project-template.dir/home/nw1728/pico/pico-sdk/src/rp2_common/pico_int64_ops/pico_int64_ops_aeabi.S.o
LOAD CMakeFiles/project-template.dir/home/nw1728/pico/pico-sdk/src/rp2_common/pico_float/float_aeabi_rp2040.S.o
LOAD CMakeFiles/project-template.dir/home/nw1728/pico/pico-sdk/src/rp2_common/pico_float/float_init_rom_rp2040.c.o
LOAD CMakeFiles/project-template.dir/home/nw1728/pico/pico-sdk/src/rp2_common/pico_float/float_math.c.o
LOAD CMakeFiles/project-template.dir/home/nw1728/pico/pico-sdk/src/rp2_common/pico_float/float_v1_rom_shim_rp2040.S.o
LOAD CMakeFiles/project-template.dir/home/nw1728/pico/pico-sdk/src/rp2_common/pico_malloc/malloc.c.o
LOAD CMakeFiles/project-template.dir/home/nw1728/pico/pico-sdk/src/rp2_common/pico_mem_ops/mem_ops_aeabi.S.o
LOAD CMakeFiles/project-template.dir/home/nw1728/pico/pico-sdk/src/rp2_common/pico_atomic/atomic.c.o
LOAD CMakeFiles/project-template.dir/home/nw1728/pico/pico-sdk/src/rp2_common/pico_cxx_options/new_delete.cpp.o
LOAD CMakeFiles/project-template.dir/home/nw1728/pico/pico-sdk/src/rp2_common/pico_standard_binary_info/standard_binary_info.c.o
LOAD CMakeFiles/project-template.dir/home/nw1728/pico/pico-sdk/src/rp2_common/pico_printf/printf.c.o
LOAD CMakeFiles/project-template.dir/home/nw1728/pico/pico-sdk/src/rp2_common/pico_crt0/crt0.S.o
LOAD CMakeFiles/project-template.dir/home/nw1728/pico/pico-sdk/src/rp2_common/pico_clib_interface/newlib_interface.c.o
LOAD CMakeFiles/project-template.dir/home/nw1728/pico/pico-sdk/src/rp2_common/pico_stdio/stdio.c.o
LOAD CMakeFiles/project-template.dir/home/nw1728/pico/pico-sdk/src/rp2_common/pico_stdio_usb/reset_interface.c.o
LOAD CMakeFiles/project-template.dir/home/nw1728/pico/pico-sdk/src/rp2_common/pico_stdio_usb/stdio_usb.c.o
LOAD CMakeFiles/project-template.dir/home/nw1728/pico/pico-sdk/src/rp2_common/pico_stdio_usb/stdio_usb_descriptors.c.o
LOAD CMakeFiles/project-template.dir/home/nw1728/pico/pico-sdk/src/rp2_common/pico_unique_id/unique_id.c.o
LOAD CMakeFiles/project-template.dir/home/nw1728/pico/pico-sdk/src/rp2_common/hardware_flash/flash.c.o
LOAD CMakeFiles/project-template.dir/home/nw1728/pico/pico-sdk/src/rp2_common/hardware_xip_cache/xip_cache.c.o
LOAD CMakeFiles/project-template.dir/home/nw1728/pico/pico-sdk/lib/tinyusb/src/portable/raspberrypi/rp2040/dcd_rp2040.c.o
LOAD CMakeFiles/project-template.dir/home/nw1728/pico/pico-sdk/lib/tinyusb/src/portable/raspberrypi/rp2040/rp2040_usb.c.o
LOAD CMakeFiles/project-template.dir/home/nw1728/pico/pico-sdk/lib/tinyusb/src/device/usbd.c.o
LOAD CMakeFiles/project-template.dir/home/nw1728/pico/pico-sdk/lib/tinyusb/src/device/usbd_control.c.o
LOAD CMakeFiles/project-template.dir/home/nw1728/pico/pico-sdk/lib/tinyusb/src/class/audio/audio_device.c.o